<html>
<body>
<pre>
<h1>µVision Build Log</h1>
<h2>Project:</h2>
D:\git\stBooter\PRO\IPMC.uvproj
Project File Date:  12/09/2013

<h2>Output:</h2>
Build target 'BOOTLOADER'
compiling app.c...
..\INC\system.h(97): warning:  #1295-D: Deprecated declaration ipmcSetupSlot - give arg types
..\APP\app.c(13): warning:  #223-D: function "srvBoardInit" declared implicitly
..\APP\app.c(14): warning:  #223-D: function "printf" declared implicitly
..\APP\app.c(18): warning:  #223-D: function "put" declared implicitly
..\APP\app.c(19): warning:  #223-D: function "fish_echo" declared implicitly
..\APP\app.c(22): warning:  #223-D: function "srvSleep" declared implicitly
..\APP\app.c(33): warning:  #223-D: function "srvLoadApp" declared implicitly
compiling comp_uart.c...
..\INC\system.h(97): warning:  #1295-D: Deprecated declaration ipmcSetupSlot - give arg types
..\SRC\comp_uart.c(47): warning:  #68-D: integer conversion resulted in a change of sign
..\SRC\comp_uart.c(56): warning:  #68-D: integer conversion resulted in a change of sign
..\SRC\comp_uart.c(59): warning:  #514-D: pointless comparison of unsigned integer with a negative constant
..\SRC\comp_uart.c(82): warning:  #68-D: integer conversion resulted in a change of sign
..\SRC\comp_uart.c(98): warning:  #223-D: function "strlen" declared implicitly
..\SRC\comp_uart.c(110): warning:  #223-D: function "memset" declared implicitly
..\SRC\comp_uart.c(128): warning:  #513-D: a value of type "volatile char *" cannot be assigned to an entity of type "char *"
..\SRC\comp_uart.c(121): warning:  #550-D: variable "counter" was set but never used
..\SRC\comp_uart.c(27): warning:  #177-D: variable "uart_recv_cycle_last" was declared but never referenced
compiling startup.c...
..\INC\system.h(97): warning:  #1295-D: Deprecated declaration ipmcSetupSlot - give arg types
compiling comp_gpio.c...
..\INC\system.h(97): warning:  #1295-D: Deprecated declaration ipmcSetupSlot - give arg types
compiling serve_amf.c...
..\INC\system.h(97): warning:  #1295-D: Deprecated declaration ipmcSetupSlot - give arg types
..\SRC\serve_amf.c(12): warning:  #223-D: function "usartBufferInit" declared implicitly
..\SRC\serve_amf.c(55): warning:  #223-D: function "bootloader_stage1" declared implicitly
..\SRC\serve_amf.c(56): warning:  #223-D: function "fish_init" declared implicitly
..\SRC\serve_amf.c(72): warning:  #940-D: missing return statement at end of non-void function "srvBoardInit"
..\SRC\serve_amf.c(105): warning:  #940-D: missing return statement at end of non-void function "srvLoadApp"
compiling comp_fish.c...
..\INC\system.h(97): warning:  #1295-D: Deprecated declaration ipmcSetupSlot - give arg types
..\SRC\comp_fish.c(35): error:  #20: identifier "VERSTR" is undefined
..\SRC\comp_fish.c(50): warning:  #223-D: function "updFirmware" declared implicitly
..\SRC\comp_fish.c(57): warning:  #223-D: function "srvLoadApp" declared implicitly
..\SRC\comp_fish.c(79): warning:  #513-D: a value of type "volatile char *" cannot be assigned to an entity of type "char *"
..\SRC\comp_fish.c(80): warning:  #513-D: a value of type "volatile char *" cannot be assigned to an entity of type "char *"
..\SRC\comp_fish.c(83): warning:  #223-D: function "memset" declared implicitly
..\SRC\comp_fish.c(91): warning:  #513-D: a value of type "FUNC (*)(void *)" cannot be assigned to an entity of type "FUNC"
..\SRC\comp_fish.c(97): warning:  #513-D: a value of type "FUNC (*)(void *)" cannot be assigned to an entity of type "FUNC"
..\SRC\comp_fish.c(104): warning:  #513-D: a value of type "FUNC (*)(void *)" cannot be assigned to an entity of type "FUNC"
..\SRC\comp_fish.c(110): warning:  #513-D: a value of type "FUNC (*)()" cannot be assigned to an entity of type "FUNC"
..\SRC\comp_fish.c(117): warning:  #513-D: a value of type "FUNC (*)(void *)" cannot be assigned to an entity of type "FUNC"
..\SRC\comp_fish.c(140): warning:  #223-D: function "memcmp" declared implicitly
..\SRC\comp_fish.c(180): warning:  #223-D: function "putstr" declared implicitly
..\SRC\comp_fish.c(186): warning:  #223-D: function "memcmp" declared implicitly
..\SRC\comp_fish.c(186): warning:  #223-D: function "strlen" declared implicitly
..\SRC\comp_fish.c(199): warning:  #223-D: function "memset" declared implicitly
..\SRC\comp_fish.c(208): warning:  #223-D: function "putstr" declared implicitly
..\SRC\comp_fish.c(249): warning:  #513-D: a value of type "volatile char *" cannot be assigned to an entity of type "char *"
..\SRC\comp_fish.c(173): warning:  #177-D: variable "tmp" was declared but never referenced
compiling olupd.c...
..\SRC\olupd.c(51): warning:  #223-D: function "YmodemReceive" declared implicitly
..\SRC\olupd.c(53): warning:  #223-D: function "put" declared implicitly
..\SRC\olupd.c(65): warning:  #223-D: function "FLASH_If_lock" declared implicitly
..\SRC\olupd.c(47): warning:  #177-D: variable "timeout" was declared but never referenced
..\SRC\olupd.c(18): warning:  #177-D: function "appRunInRam" was declared but never referenced
compiling ymodem.c...
..\SRC\ymodem.c(98): warning:  #223-D: function "send_buf" declared implicitly
..\SRC\ymodem.c(102): warning:  #223-D: function "send_buf" declared implicitly
..\SRC\ymodem.c(107): warning:  #223-D: function "recv_buf" declared implicitly
..\SRC\ymodem.c(131): warning:  #223-D: function "srvSleep" declared implicitly
..\SRC\ymodem.c(195): warning:  #513-D: a value of type "char *" cannot be assigned to an entity of type "unsigned char *"
..\SRC\ymodem.c(196): warning:  #223-D: function "atoi" declared implicitly
..\SRC\ymodem.c(196): warning:  #167-D: argument of type "unsigned char *" is incompatible with parameter of type "const char *"
..\SRC\ymodem.c(201): warning:  #167-D: argument of type "unsigned char *" is incompatible with parameter of type "char *"
..\SRC\ymodem.c(203): warning:  #167-D: argument of type "unsigned char *" is incompatible with parameter of type "char *"
..\SRC\ymodem.c(255): warning:  #68-D: integer conversion resulted in a change of sign
..\SRC\ymodem.c(174): warning:  #177-D: variable "Jump_To_Application" was declared but never referenced
compiling flash_if.c...
compiling system_stm32f2xx.c...
assembling startup_stm32f2xx.s...
compiling stm32f2xx_usart.c...
compiling stm32f2xx_rcc.c...
compiling stm32f2xx_gpio.c...
compiling misc.c...
compiling stm32f2xx_syscfg.c...
compiling stm32f2xx_flash.c...
Target not created
Build target 'BOOTLOADER'
compiling comp_fish.c...
..\INC\system.h(97): warning:  #1295-D: Deprecated declaration ipmcSetupSlot - give arg types
..\SRC\comp_fish.c(51): warning:  #223-D: function "updFirmware" declared implicitly
..\SRC\comp_fish.c(58): warning:  #223-D: function "srvLoadApp" declared implicitly
..\SRC\comp_fish.c(80): warning:  #513-D: a value of type "volatile char *" cannot be assigned to an entity of type "char *"
..\SRC\comp_fish.c(81): warning:  #513-D: a value of type "volatile char *" cannot be assigned to an entity of type "char *"
..\SRC\comp_fish.c(84): warning:  #223-D: function "memset" declared implicitly
..\SRC\comp_fish.c(92): warning:  #513-D: a value of type "FUNC (*)(void *)" cannot be assigned to an entity of type "FUNC"
..\SRC\comp_fish.c(98): warning:  #513-D: a value of type "FUNC (*)(void *)" cannot be assigned to an entity of type "FUNC"
..\SRC\comp_fish.c(105): warning:  #513-D: a value of type "FUNC (*)(void *)" cannot be assigned to an entity of type "FUNC"
..\SRC\comp_fish.c(111): warning:  #513-D: a value of type "FUNC (*)()" cannot be assigned to an entity of type "FUNC"
..\SRC\comp_fish.c(118): warning:  #513-D: a value of type "FUNC (*)(void *)" cannot be assigned to an entity of type "FUNC"
..\SRC\comp_fish.c(141): warning:  #223-D: function "memcmp" declared implicitly
..\SRC\comp_fish.c(181): warning:  #223-D: function "putstr" declared implicitly
..\SRC\comp_fish.c(187): warning:  #223-D: function "memcmp" declared implicitly
..\SRC\comp_fish.c(187): warning:  #223-D: function "strlen" declared implicitly
..\SRC\comp_fish.c(200): warning:  #223-D: function "memset" declared implicitly
..\SRC\comp_fish.c(209): warning:  #223-D: function "putstr" declared implicitly
..\SRC\comp_fish.c(250): warning:  #513-D: a value of type "volatile char *" cannot be assigned to an entity of type "char *"
..\SRC\comp_fish.c(174): warning:  #177-D: variable "tmp" was declared but never referenced
linking...
Program Size: Code=6304 RO-data=1240 RW-data=68 ZI-data=1412  
FromELF: creating hex file...
".\Output\hBooter.axf" - 0 Error(s), 19 Warning(s).
Load "D:\\git\\stBooter\\PRO\\Output\\hBooter.AXF" 
* JLink Info: Device "STM32F207VG" selected (1024 KB flash, 64 KB RAM).
Set JLink Project File to "D:\git\stBooter\PRO\JLinkSettings.ini"
 
JLink info:
------------
DLL: V4.40c, compiled Jan 24 2012 09:30:33
Firmware: J-Link ARM V8 compiled Jun  1 2012 09:22:18
Hardware: V8.00
S/N : 17935099 
Feature(s) : RDI,FlashDL,FlashBP,JFlash 
 
* JLink Info: Found SWD-DP with ID 0x2BA01477
* JLink Info: TPIU fitted.
* JLink Info: ETM fitted.
* JLink Info:   FPUnit: 6 code (BP) slots and 2 literal slots
* JLink Info: Found Cortex-M3 r2p0, Little endian.
ROMTableAddr = 0xE00FF003
* JLink Info: Found SWD-DP with ID 0x2BA01477
* JLink Info: TPIU fitted.
* JLink Info: ETM fitted.
* JLink Info:   FPUnit: 6 code (BP) slots and 2 literal slots
* JLink Info: Found Cortex-M3 r2p0, Little endian.
 
Target info:
------------
Device: STM32F207VG
VTarget = 3.636V
State of Pins: 
TCK: 0, TDI: 0, TDO: 0, TMS: 0, TRES: 1, TRST: 1
Hardware-Breakpoints: 6
Software-Breakpoints: 8192
Watchpoints:          4
JTAG speed: 2000 kHz
 
Erase Done.
Programming Done.
Verify OK.
* JLink Info: Found SWD-DP with ID 0x2BA01477
* JLink Info: TPIU fitted.
* JLink Info: ETM fitted.
* JLink Info:   FPUnit: 6 code (BP) slots and 2 literal slots
* JLink Info: Found Cortex-M3 r2p0, Little endian.
Application running ...
Build target 'BOOTLOADER'
compiling app.c...
..\INC\system.h(97): warning:  #1295-D: Deprecated declaration ipmcSetupSlot - give arg types
..\APP\app.c(13): warning:  #223-D: function "srvBoardInit" declared implicitly
..\APP\app.c(14): warning:  #223-D: function "printf" declared implicitly
..\APP\app.c(18): warning:  #223-D: function "put" declared implicitly
..\APP\app.c(19): warning:  #223-D: function "fish_echo" declared implicitly
..\APP\app.c(22): warning:  #223-D: function "srvSleep" declared implicitly
..\APP\app.c(33): warning:  #223-D: function "srvLoadApp" declared implicitly
linking...
Program Size: Code=6304 RO-data=1240 RW-data=68 ZI-data=1412  
FromELF: creating hex file...
".\Output\hBooter.axf" - 0 Error(s), 7 Warning(s).
Load "D:\\git\\stBooter\\PRO\\Output\\hBooter.AXF" 
* JLink Info: Device "STM32F207VG" selected (1024 KB flash, 64 KB RAM).
Set JLink Project File to "D:\git\stBooter\PRO\JLinkSettings.ini"
 
JLink info:
------------
DLL: V4.40c, compiled Jan 24 2012 09:30:33
Firmware: J-Link ARM V8 compiled Jun  1 2012 09:22:18
Hardware: V8.00
S/N : 17935099 
Feature(s) : RDI,FlashDL,FlashBP,JFlash 
 
* JLink Info: Found SWD-DP with ID 0x2BA01477
* JLink Info: TPIU fitted.
* JLink Info: ETM fitted.
* JLink Info:   FPUnit: 6 code (BP) slots and 2 literal slots
* JLink Info: Found Cortex-M3 r2p0, Little endian.
ROMTableAddr = 0xE00FF003
* JLink Info: Found SWD-DP with ID 0x2BA01477
* JLink Info: TPIU fitted.
* JLink Info: ETM fitted.
* JLink Info:   FPUnit: 6 code (BP) slots and 2 literal slots
* JLink Info: Found Cortex-M3 r2p0, Little endian.
 
Target info:
------------
Device: STM32F207VG
VTarget = 3.636V
State of Pins: 
TCK: 0, TDI: 0, TDO: 0, TMS: 0, TRES: 1, TRST: 1
Hardware-Breakpoints: 6
Software-Breakpoints: 8192
Watchpoints:          4
JTAG speed: 2000 kHz
 
Erase Done.
Programming Done.
Verify OK.
* JLink Info: Found SWD-DP with ID 0x2BA01477
* JLink Info: TPIU fitted.
* JLink Info: ETM fitted.
* JLink Info:   FPUnit: 6 code (BP) slots and 2 literal slots
* JLink Info: Found Cortex-M3 r2p0, Little endian.
Application running ...
Build target 'BOOTLOADER'
compiling app.c...
..\INC\system.h(97): warning:  #1295-D: Deprecated declaration ipmcSetupSlot - give arg types
..\APP\app.c(13): warning:  #223-D: function "srvBoardInit" declared implicitly
..\APP\app.c(14): warning:  #223-D: function "printf" declared implicitly
..\APP\app.c(18): warning:  #223-D: function "put" declared implicitly
..\APP\app.c(19): warning:  #223-D: function "fish_echo" declared implicitly
..\APP\app.c(22): warning:  #223-D: function "srvSleep" declared implicitly
..\APP\app.c(33): warning:  #223-D: function "srvLoadApp" declared implicitly
linking...
Program Size: Code=6308 RO-data=1240 RW-data=68 ZI-data=1412  
FromELF: creating hex file...
".\Output\hBooter.axf" - 0 Error(s), 7 Warning(s).
Load "D:\\git\\stBooter\\PRO\\Output\\hBooter.AXF" 
* JLink Info: Device "STM32F207VG" selected (1024 KB flash, 64 KB RAM).
Set JLink Project File to "D:\git\stBooter\PRO\JLinkSettings.ini"
 
JLink info:
------------
DLL: V4.40c, compiled Jan 24 2012 09:30:33
Firmware: J-Link ARM V8 compiled Jun  1 2012 09:22:18
Hardware: V8.00
S/N : 17935099 
Feature(s) : RDI,FlashDL,FlashBP,JFlash 
 
* JLink Info: Found SWD-DP with ID 0x2BA01477
* JLink Info: TPIU fitted.
* JLink Info: ETM fitted.
* JLink Info:   FPUnit: 6 code (BP) slots and 2 literal slots
* JLink Info: Found Cortex-M3 r2p0, Little endian.
ROMTableAddr = 0xE00FF003
* JLink Info: Found SWD-DP with ID 0x2BA01477
* JLink Info: TPIU fitted.
* JLink Info: ETM fitted.
* JLink Info:   FPUnit: 6 code (BP) slots and 2 literal slots
* JLink Info: Found Cortex-M3 r2p0, Little endian.
 
Target info:
------------
Device: STM32F207VG
VTarget = 3.636V
State of Pins: 
TCK: 0, TDI: 0, TDO: 0, TMS: 0, TRES: 1, TRST: 1
Hardware-Breakpoints: 6
Software-Breakpoints: 8192
Watchpoints:          4
JTAG speed: 2000 kHz
 
Erase Done.
Programming Done.
Verify OK.
* JLink Info: Found SWD-DP with ID 0x2BA01477
* JLink Info: TPIU fitted.
* JLink Info: ETM fitted.
* JLink Info:   FPUnit: 6 code (BP) slots and 2 literal slots
* JLink Info: Found Cortex-M3 r2p0, Little endian.
Application running ...
Load "D:\\git\\stBooter\\PRO\\Output\\hBooter.AXF" 
* JLink Info: Device "STM32F207VG" selected (1024 KB flash, 64 KB RAM).
Set JLink Project File to "D:\git\stBooter\PRO\JLinkSettings.ini"
 
JLink info:
------------
DLL: V4.40c, compiled Jan 24 2012 09:30:33
Firmware: J-Link ARM V8 compiled Jun  1 2012 09:22:18
Hardware: V8.00
S/N : 17935099 
Feature(s) : RDI,FlashDL,FlashBP,JFlash 
 
* JLink Info: Found SWD-DP with ID 0x2BA01477
* JLink Info: TPIU fitted.
* JLink Info: ETM fitted.
* JLink Info:   FPUnit: 6 code (BP) slots and 2 literal slots
* JLink Info: Found Cortex-M3 r2p0, Little endian.
ROMTableAddr = 0xE00FF003
* JLink Info: Found SWD-DP with ID 0x2BA01477
* JLink Info: TPIU fitted.
* JLink Info: ETM fitted.
* JLink Info:   FPUnit: 6 code (BP) slots and 2 literal slots
* JLink Info: Found Cortex-M3 r2p0, Little endian.
 
Target info:
------------
Device: STM32F207VG
VTarget = 3.643V
State of Pins: 
TCK: 0, TDI: 0, TDO: 0, TMS: 0, TRES: 1, TRST: 1
Hardware-Breakpoints: 6
Software-Breakpoints: 8192
Watchpoints:          4
JTAG speed: 2000 kHz
 
Erase Done.
Programming Done.
Verify OK.
* JLink Info: Found SWD-DP with ID 0x2BA01477
* JLink Info: TPIU fitted.
* JLink Info: ETM fitted.
* JLink Info:   FPUnit: 6 code (BP) slots and 2 literal slots
* JLink Info: Found Cortex-M3 r2p0, Little endian.
Application running ...
Load "D:\\git\\stBooter\\PRO\\Output\\hBooter.AXF" 
* JLink Info: Device "STM32F207VG" selected (1024 KB flash, 64 KB RAM).
Set JLink Project File to "D:\git\stBooter\PRO\JLinkSettings.ini"
 
JLink info:
------------
DLL: V4.40c, compiled Jan 24 2012 09:30:33
Firmware: J-Link ARM V8 compiled Jun  1 2012 09:22:18
Hardware: V8.00
S/N : 17935099 
Feature(s) : RDI,FlashDL,FlashBP,JFlash 
 
* JLink Info: Found SWD-DP with ID 0x2BA01477
* JLink Info: TPIU fitted.
* JLink Info: ETM fitted.
* JLink Info:   FPUnit: 6 code (BP) slots and 2 literal slots
* JLink Info: Found Cortex-M3 r2p0, Little endian.
ROMTableAddr = 0xE00FF003
* JLink Info: Found SWD-DP with ID 0x2BA01477
* JLink Info: TPIU fitted.
* JLink Info: ETM fitted.
* JLink Info:   FPUnit: 6 code (BP) slots and 2 literal slots
* JLink Info: Found Cortex-M3 r2p0, Little endian.
 
Target info:
------------
Device: STM32F207VG
VTarget = 3.636V
State of Pins: 
TCK: 0, TDI: 0, TDO: 0, TMS: 0, TRES: 1, TRST: 1
Hardware-Breakpoints: 6
Software-Breakpoints: 8192
Watchpoints:          4
JTAG speed: 2000 kHz
 
Erase Done.
Programming Done.
Verify OK.
* JLink Info: Found SWD-DP with ID 0x2BA01477
* JLink Info: TPIU fitted.
* JLink Info: ETM fitted.
* JLink Info:   FPUnit: 6 code (BP) slots and 2 literal slots
* JLink Info: Found Cortex-M3 r2p0, Little endian.
Application running ...
Build target 'BOOTLOADER'
compiling app.c...
..\INC\system.h(97): warning:  #1295-D: Deprecated declaration ipmcSetupSlot - give arg types
..\APP\app.c(13): warning:  #223-D: function "srvBoardInit" declared implicitly
..\APP\app.c(14): warning:  #223-D: function "printf" declared implicitly
..\APP\app.c(18): warning:  #223-D: function "put" declared implicitly
..\APP\app.c(19): warning:  #223-D: function "fish_echo" declared implicitly
..\APP\app.c(22): warning:  #223-D: function "srvSleep" declared implicitly
..\APP\app.c(33): warning:  #223-D: function "srvLoadApp" declared implicitly
linking...
Program Size: Code=6308 RO-data=1240 RW-data=68 ZI-data=1412  
FromELF: creating hex file...
".\Output\hBooter.axf" - 0 Error(s), 7 Warning(s).
Load "D:\\git\\stBooter\\PRO\\Output\\hBooter.AXF" 
* JLink Info: Device "STM32F207VG" selected (1024 KB flash, 64 KB RAM).
Set JLink Project File to "D:\git\stBooter\PRO\JLinkSettings.ini"
 
JLink info:
------------
DLL: V4.40c, compiled Jan 24 2012 09:30:33
Firmware: J-Link ARM V8 compiled Jun  1 2012 09:22:18
Hardware: V8.00
S/N : 17935099 
Feature(s) : RDI,FlashDL,FlashBP,JFlash 
 
* JLink Info: Found SWD-DP with ID 0x2BA01477
* JLink Info: TPIU fitted.
* JLink Info: ETM fitted.
* JLink Info:   FPUnit: 6 code (BP) slots and 2 literal slots
* JLink Info: Found Cortex-M3 r2p0, Little endian.
ROMTableAddr = 0xE00FF003
* JLink Info: Found SWD-DP with ID 0x2BA01477
* JLink Info: TPIU fitted.
* JLink Info: ETM fitted.
* JLink Info:   FPUnit: 6 code (BP) slots and 2 literal slots
* JLink Info: Found Cortex-M3 r2p0, Little endian.
 
Target info:
------------
Device: STM32F207VG
VTarget = 3.643V
State of Pins: 
TCK: 0, TDI: 0, TDO: 0, TMS: 0, TRES: 1, TRST: 1
Hardware-Breakpoints: 6
Software-Breakpoints: 8192
Watchpoints:          4
JTAG speed: 2000 kHz
 
Erase Done.
Programming Done.
Verify OK.
* JLink Info: Found SWD-DP with ID 0x2BA01477
* JLink Info: TPIU fitted.
* JLink Info: ETM fitted.
* JLink Info:   FPUnit: 6 code (BP) slots and 2 literal slots
* JLink Info: Found Cortex-M3 r2p0, Little endian.
Application running ...
Build target 'BOOTLOADER'
compiling app.c...
..\INC\system.h(97): warning:  #1295-D: Deprecated declaration ipmcSetupSlot - give arg types
..\APP\app.c(13): warning:  #223-D: function "srvBoardInit" declared implicitly
..\APP\app.c(14): warning:  #223-D: function "printf" declared implicitly
..\APP\app.c(18): warning:  #223-D: function "put" declared implicitly
..\APP\app.c(19): warning:  #223-D: function "fish_echo" declared implicitly
..\APP\app.c(22): warning:  #223-D: function "srvSleep" declared implicitly
..\APP\app.c(33): warning:  #223-D: function "srvLoadApp" declared implicitly
linking...
Program Size: Code=6308 RO-data=1240 RW-data=68 ZI-data=1412  
FromELF: creating hex file...
".\Output\hBooter.axf" - 0 Error(s), 7 Warning(s).
Load "D:\\git\\stBooter\\PRO\\Output\\hBooter.AXF" 
* JLink Info: Device "STM32F207VG" selected (1024 KB flash, 64 KB RAM).
Set JLink Project File to "D:\git\stBooter\PRO\JLinkSettings.ini"
 
JLink info:
------------
DLL: V4.40c, compiled Jan 24 2012 09:30:33
Firmware: J-Link ARM V8 compiled Jun  1 2012 09:22:18
Hardware: V8.00
S/N : 17935099 
Feature(s) : RDI,FlashDL,FlashBP,JFlash 
 
* JLink Info: Found SWD-DP with ID 0x2BA01477
* JLink Info: TPIU fitted.
* JLink Info: ETM fitted.
* JLink Info:   FPUnit: 6 code (BP) slots and 2 literal slots
* JLink Info: Found Cortex-M3 r2p0, Little endian.
ROMTableAddr = 0xE00FF003
* JLink Info: Found SWD-DP with ID 0x2BA01477
* JLink Info: TPIU fitted.
* JLink Info: ETM fitted.
* JLink Info:   FPUnit: 6 code (BP) slots and 2 literal slots
* JLink Info: Found Cortex-M3 r2p0, Little endian.
 
Target info:
------------
Device: STM32F207VG
VTarget = 3.643V
State of Pins: 
TCK: 0, TDI: 0, TDO: 0, TMS: 0, TRES: 1, TRST: 1
Hardware-Breakpoints: 6
Software-Breakpoints: 8192
Watchpoints:          4
JTAG speed: 2000 kHz
 
Erase Done.
Programming Done.
Verify OK.
* JLink Info: Found SWD-DP with ID 0x2BA01477
* JLink Info: TPIU fitted.
* JLink Info: ETM fitted.
* JLink Info:   FPUnit: 6 code (BP) slots and 2 literal slots
* JLink Info: Found Cortex-M3 r2p0, Little endian.
Application running ...
Load "D:\\git\\stBooter\\PRO\\Output\\hBooter.AXF" 
* JLink Info: Device "STM32F207VG" selected (1024 KB flash, 64 KB RAM).
Set JLink Project File to "D:\git\stBooter\PRO\JLinkSettings.ini"
 
JLink info:
------------
DLL: V4.40c, compiled Jan 24 2012 09:30:33
Firmware: J-Link ARM V8 compiled Jun  1 2012 09:22:18
Hardware: V8.00
S/N : 17935099 
Feature(s) : RDI,FlashDL,FlashBP,JFlash 
 
* JLink Info: Found SWD-DP with ID 0x2BA01477
* JLink Info: TPIU fitted.
* JLink Info: ETM fitted.
* JLink Info:   FPUnit: 6 code (BP) slots and 2 literal slots
* JLink Info: Found Cortex-M3 r2p0, Little endian.
ROMTableAddr = 0xE00FF003
* JLink Info: Found SWD-DP with ID 0x2BA01477
* JLink Info: TPIU fitted.
* JLink Info: ETM fitted.
* JLink Info:   FPUnit: 6 code (BP) slots and 2 literal slots
* JLink Info: Found Cortex-M3 r2p0, Little endian.
 
Target info:
------------
Device: STM32F207VG
VTarget = 3.636V
State of Pins: 
TCK: 0, TDI: 0, TDO: 0, TMS: 0, TRES: 1, TRST: 1
Hardware-Breakpoints: 6
Software-Breakpoints: 8192
Watchpoints:          4
JTAG speed: 2000 kHz
 
Erase Done.
Programming Done.
Verify OK.
* JLink Info: Found SWD-DP with ID 0x2BA01477
* JLink Info: TPIU fitted.
* JLink Info: ETM fitted.
* JLink Info:   FPUnit: 6 code (BP) slots and 2 literal slots
* JLink Info: Found Cortex-M3 r2p0, Little endian.
Application running ...
Build target 'BOOTLOADER'
compiling app.c...
..\INC\system.h(97): warning:  #1295-D: Deprecated declaration ipmcSetupSlot - give arg types
..\APP\app.c(13): warning:  #223-D: function "srvBoardInit" declared implicitly
..\APP\app.c(14): warning:  #223-D: function "printf" declared implicitly
..\APP\app.c(18): warning:  #223-D: function "put" declared implicitly
..\APP\app.c(19): warning:  #223-D: function "fish_echo" declared implicitly
..\APP\app.c(22): warning:  #223-D: function "srvSleep" declared implicitly
..\APP\app.c(33): warning:  #223-D: function "srvLoadApp" declared implicitly
linking...
Program Size: Code=6308 RO-data=1240 RW-data=68 ZI-data=1412  
FromELF: creating hex file...
".\Output\hBooter.axf" - 0 Error(s), 7 Warning(s).
Load "D:\\git\\stBooter\\PRO\\Output\\hBooter.AXF" 
* JLink Info: Device "STM32F207VG" selected (1024 KB flash, 64 KB RAM).
Set JLink Project File to "D:\git\stBooter\PRO\JLinkSettings.ini"
 
JLink info:
------------
DLL: V4.40c, compiled Jan 24 2012 09:30:33
Firmware: J-Link ARM V8 compiled Jun  1 2012 09:22:18
Hardware: V8.00
S/N : 17935099 
Feature(s) : RDI,FlashDL,FlashBP,JFlash 
 
* JLink Info: Found SWD-DP with ID 0x2BA01477
* JLink Info: TPIU fitted.
* JLink Info: ETM fitted.
* JLink Info:   FPUnit: 6 code (BP) slots and 2 literal slots
* JLink Info: Found Cortex-M3 r2p0, Little endian.
ROMTableAddr = 0xE00FF003
* JLink Info: Found SWD-DP with ID 0x2BA01477
* JLink Info: TPIU fitted.
* JLink Info: ETM fitted.
* JLink Info:   FPUnit: 6 code (BP) slots and 2 literal slots
* JLink Info: Found Cortex-M3 r2p0, Little endian.
 
Target info:
------------
Device: STM32F207VG
VTarget = 3.636V
State of Pins: 
TCK: 0, TDI: 0, TDO: 0, TMS: 0, TRES: 1, TRST: 1
Hardware-Breakpoints: 6
Software-Breakpoints: 8192
Watchpoints:          4
JTAG speed: 2000 kHz
 
Erase Done.
Programming Done.
Verify OK.
* JLink Info: Found SWD-DP with ID 0x2BA01477
* JLink Info: TPIU fitted.
* JLink Info: ETM fitted.
* JLink Info:   FPUnit: 6 code (BP) slots and 2 literal slots
* JLink Info: Found Cortex-M3 r2p0, Little endian.
Application running ...
Build target 'BOOTLOADER'
compiling app.c...
..\INC\system.h(97): warning:  #1295-D: Deprecated declaration ipmcSetupSlot - give arg types
..\APP\app.c(13): warning:  #223-D: function "srvBoardInit" declared implicitly
..\APP\app.c(14): warning:  #223-D: function "printf" declared implicitly
..\APP\app.c(18): warning:  #223-D: function "put" declared implicitly
..\APP\app.c(19): warning:  #223-D: function "fish_echo" declared implicitly
..\APP\app.c(22): warning:  #223-D: function "srvSleep" declared implicitly
..\APP\app.c(33): warning:  #223-D: function "srvLoadApp" declared implicitly
linking...
Program Size: Code=6312 RO-data=1240 RW-data=68 ZI-data=1412  
FromELF: creating hex file...
".\Output\hBooter.axf" - 0 Error(s), 7 Warning(s).
Load "D:\\git\\stBooter\\PRO\\Output\\hBooter.AXF" 
* JLink Info: Device "STM32F207VG" selected (1024 KB flash, 64 KB RAM).
Set JLink Project File to "D:\git\stBooter\PRO\JLinkSettings.ini"
 
JLink info:
------------
DLL: V4.40c, compiled Jan 24 2012 09:30:33
Firmware: J-Link ARM V8 compiled Jun  1 2012 09:22:18
Hardware: V8.00
S/N : 17935099 
Feature(s) : RDI,FlashDL,FlashBP,JFlash 
 
* JLink Info: Found SWD-DP with ID 0x2BA01477
* JLink Info: TPIU fitted.
* JLink Info: ETM fitted.
* JLink Info:   FPUnit: 6 code (BP) slots and 2 literal slots
* JLink Info: Found Cortex-M3 r2p0, Little endian.
ROMTableAddr = 0xE00FF003
* JLink Info: Found SWD-DP with ID 0x2BA01477
* JLink Info: TPIU fitted.
* JLink Info: ETM fitted.
* JLink Info:   FPUnit: 6 code (BP) slots and 2 literal slots
* JLink Info: Found Cortex-M3 r2p0, Little endian.
 
Target info:
------------
Device: STM32F207VG
VTarget = 3.643V
State of Pins: 
TCK: 0, TDI: 0, TDO: 0, TMS: 0, TRES: 1, TRST: 1
Hardware-Breakpoints: 6
Software-Breakpoints: 8192
Watchpoints:          4
JTAG speed: 2000 kHz
 
Erase Done.
Programming Done.
Verify OK.
* JLink Info: Found SWD-DP with ID 0x2BA01477
* JLink Info: TPIU fitted.
* JLink Info: ETM fitted.
* JLink Info:   FPUnit: 6 code (BP) slots and 2 literal slots
* JLink Info: Found Cortex-M3 r2p0, Little endian.
Application running ...
Load "D:\\git\\stBooter\\PRO\\Output\\hBooter.AXF" 
* JLink Info: Device "STM32F207VG" selected (1024 KB flash, 64 KB RAM).
Set JLink Project File to "D:\git\stBooter\PRO\JLinkSettings.ini"
 
JLink info:
------------
DLL: V4.40c, compiled Jan 24 2012 09:30:33
Firmware: J-Link ARM V8 compiled Jun  1 2012 09:22:18
Hardware: V8.00
S/N : 17935099 
Feature(s) : RDI,FlashDL,FlashBP,JFlash 
 
* JLink Info: Found SWD-DP with ID 0x2BA01477
* JLink Info: TPIU fitted.
* JLink Info: ETM fitted.
* JLink Info:   FPUnit: 6 code (BP) slots and 2 literal slots
* JLink Info: Found Cortex-M3 r2p0, Little endian.
ROMTableAddr = 0xE00FF003
* JLink Info: Found SWD-DP with ID 0x2BA01477
* JLink Info: TPIU fitted.
* JLink Info: ETM fitted.
* JLink Info:   FPUnit: 6 code (BP) slots and 2 literal slots
* JLink Info: Found Cortex-M3 r2p0, Little endian.
 
Target info:
------------
Device: STM32F207VG
VTarget = 3.636V
State of Pins: 
TCK: 0, TDI: 0, TDO: 0, TMS: 0, TRES: 1, TRST: 1
Hardware-Breakpoints: 6
Software-Breakpoints: 8192
Watchpoints:          4
JTAG speed: 2000 kHz
 
Erase Done.
Programming Done.
Verify OK.
* JLink Info: Found SWD-DP with ID 0x2BA01477
* JLink Info: TPIU fitted.
* JLink Info: ETM fitted.
* JLink Info:   FPUnit: 6 code (BP) slots and 2 literal slots
* JLink Info: Found Cortex-M3 r2p0, Little endian.
Application running ...
Build target 'BOOTLOADER'
compiling app.c...
..\INC\system.h(97): warning:  #1295-D: Deprecated declaration ipmcSetupSlot - give arg types
..\APP\app.c(13): warning:  #223-D: function "srvBoardInit" declared implicitly
..\APP\app.c(14): warning:  #223-D: function "printf" declared implicitly
..\APP\app.c(18): warning:  #223-D: function "put" declared implicitly
..\APP\app.c(19): warning:  #223-D: function "fish_echo" declared implicitly
..\APP\app.c(22): warning:  #223-D: function "srvSleep" declared implicitly
..\APP\app.c(32): warning:  #223-D: function "srvLoadApp" declared implicitly
linking...
Program Size: Code=6304 RO-data=1240 RW-data=68 ZI-data=1412  
FromELF: creating hex file...
".\Output\hBooter.axf" - 0 Error(s), 7 Warning(s).
Load "D:\\git\\stBooter\\PRO\\Output\\hBooter.AXF" 
* JLink Info: Device "STM32F207VG" selected (1024 KB flash, 64 KB RAM).
Set JLink Project File to "D:\git\stBooter\PRO\JLinkSettings.ini"
 
JLink info:
------------
DLL: V4.40c, compiled Jan 24 2012 09:30:33
Firmware: J-Link ARM V8 compiled Jun  1 2012 09:22:18
Hardware: V8.00
S/N : 17935099 
Feature(s) : RDI,FlashDL,FlashBP,JFlash 
 
* JLink Info: Found SWD-DP with ID 0x2BA01477
* JLink Info: TPIU fitted.
* JLink Info: ETM fitted.
* JLink Info:   FPUnit: 6 code (BP) slots and 2 literal slots
* JLink Info: Found Cortex-M3 r2p0, Little endian.
ROMTableAddr = 0xE00FF003
* JLink Info: Found SWD-DP with ID 0x2BA01477
* JLink Info: TPIU fitted.
* JLink Info: ETM fitted.
* JLink Info:   FPUnit: 6 code (BP) slots and 2 literal slots
* JLink Info: Found Cortex-M3 r2p0, Little endian.
 
Target info:
------------
Device: STM32F207VG
VTarget = 3.636V
State of Pins: 
TCK: 0, TDI: 0, TDO: 0, TMS: 0, TRES: 1, TRST: 1
Hardware-Breakpoints: 6
Software-Breakpoints: 8192
Watchpoints:          4
JTAG speed: 2000 kHz
 
Erase Done.
Programming Done.
Verify OK.
* JLink Info: Found SWD-DP with ID 0x2BA01477
* JLink Info: TPIU fitted.
* JLink Info: ETM fitted.
* JLink Info:   FPUnit: 6 code (BP) slots and 2 literal slots
* JLink Info: Found Cortex-M3 r2p0, Little endian.
Application running ...
Load "D:\\git\\stBooter\\PRO\\Output\\hBooter.AXF" 
* JLink Info: Device "STM32F207VG" selected (1024 KB flash, 64 KB RAM).
Set JLink Project File to "D:\git\stBooter\PRO\JLinkSettings.ini"
 
JLink info:
------------
DLL: V4.40c, compiled Jan 24 2012 09:30:33
Firmware: J-Link ARM V8 compiled Jun  1 2012 09:22:18
Hardware: V8.00
S/N : 17935099 
Feature(s) : RDI,FlashDL,FlashBP,JFlash 
 
* JLink Info: Found SWD-DP with ID 0x2BA01477
* JLink Info: TPIU fitted.
* JLink Info: ETM fitted.
* JLink Info:   FPUnit: 6 code (BP) slots and 2 literal slots
* JLink Info: Found Cortex-M3 r2p0, Little endian.
ROMTableAddr = 0xE00FF003
* JLink Info: Found SWD-DP with ID 0x2BA01477
* JLink Info: TPIU fitted.
* JLink Info: ETM fitted.
* JLink Info:   FPUnit: 6 code (BP) slots and 2 literal slots
* JLink Info: Found Cortex-M3 r2p0, Little endian.
 
Target info:
------------
Device: STM32F207VG
VTarget = 3.636V
State of Pins: 
TCK: 0, TDI: 0, TDO: 0, TMS: 0, TRES: 1, TRST: 1
Hardware-Breakpoints: 6
Software-Breakpoints: 8192
Watchpoints:          4
JTAG speed: 2000 kHz
 
Erase Done.
Programming Done.
Verify OK.
* JLink Info: Found SWD-DP with ID 0x2BA01477
* JLink Info: TPIU fitted.
* JLink Info: ETM fitted.
* JLink Info:   FPUnit: 6 code (BP) slots and 2 literal slots
* JLink Info: Found Cortex-M3 r2p0, Little endian.
Application running ...
Build target 'BOOTLOADER'
compiling app.c...
..\INC\system.h(97): warning:  #1295-D: Deprecated declaration ipmcSetupSlot - give arg types
..\APP\app.c(13): warning:  #223-D: function "srvBoardInit" declared implicitly
..\APP\app.c(14): warning:  #223-D: function "printf" declared implicitly
..\APP\app.c(18): warning:  #223-D: function "put" declared implicitly
..\APP\app.c(19): warning:  #223-D: function "fish_echo" declared implicitly
..\APP\app.c(22): warning:  #223-D: function "srvSleep" declared implicitly
..\APP\app.c(32): warning:  #223-D: function "srvLoadApp" declared implicitly
compiling serve_amf.c...
..\INC\system.h(97): warning:  #1295-D: Deprecated declaration ipmcSetupSlot - give arg types
..\SRC\serve_amf.c(12): warning:  #223-D: function "usartBufferInit" declared implicitly
..\SRC\serve_amf.c(55): warning:  #223-D: function "bootloader_stage1" declared implicitly
..\SRC\serve_amf.c(56): warning:  #223-D: function "fish_init" declared implicitly
..\SRC\serve_amf.c(72): warning:  #940-D: missing return statement at end of non-void function "srvBoardInit"
..\SRC\serve_amf.c(105): warning:  #940-D: missing return statement at end of non-void function "srvLoadApp"
linking...
Program Size: Code=6296 RO-data=1240 RW-data=68 ZI-data=1412  
FromELF: creating hex file...
".\Output\hBooter.axf" - 0 Error(s), 13 Warning(s).
Load "D:\\git\\stBooter\\PRO\\Output\\hBooter.AXF" 
* JLink Info: Device "STM32F207VG" selected (1024 KB flash, 64 KB RAM).
Set JLink Project File to "D:\git\stBooter\PRO\JLinkSettings.ini"
 
JLink info:
------------
DLL: V4.40c, compiled Jan 24 2012 09:30:33
Firmware: J-Link ARM V8 compiled Jun  1 2012 09:22:18
Hardware: V8.00
S/N : 17935099 
Feature(s) : RDI,FlashDL,FlashBP,JFlash 
 
* JLink Info: Found SWD-DP with ID 0x2BA01477
* JLink Info: TPIU fitted.
* JLink Info: ETM fitted.
* JLink Info:   FPUnit: 6 code (BP) slots and 2 literal slots
* JLink Info: Found Cortex-M3 r2p0, Little endian.
ROMTableAddr = 0xE00FF003
* JLink Info: Found SWD-DP with ID 0x2BA01477
* JLink Info: TPIU fitted.
* JLink Info: ETM fitted.
* JLink Info:   FPUnit: 6 code (BP) slots and 2 literal slots
* JLink Info: Found Cortex-M3 r2p0, Little endian.
 
Target info:
------------
Device: STM32F207VG
VTarget = 3.636V
State of Pins: 
TCK: 0, TDI: 0, TDO: 0, TMS: 0, TRES: 1, TRST: 1
Hardware-Breakpoints: 6
Software-Breakpoints: 8192
Watchpoints:          4
JTAG speed: 2000 kHz
 
Erase Done.
Programming Done.
Verify OK.
* JLink Info: Found SWD-DP with ID 0x2BA01477
* JLink Info: TPIU fitted.
* JLink Info: ETM fitted.
* JLink Info:   FPUnit: 6 code (BP) slots and 2 literal slots
* JLink Info: Found Cortex-M3 r2p0, Little endian.
Application running ...
Build target 'BOOTLOADER'
compiling serve_amf.c...
..\INC\system.h(97): warning:  #1295-D: Deprecated declaration ipmcSetupSlot - give arg types
..\SRC\serve_amf.c(12): warning:  #223-D: function "usartBufferInit" declared implicitly
..\SRC\serve_amf.c(55): warning:  #223-D: function "bootloader_stage1" declared implicitly
..\SRC\serve_amf.c(56): warning:  #223-D: function "fish_init" declared implicitly
..\SRC\serve_amf.c(72): warning:  #940-D: missing return statement at end of non-void function "srvBoardInit"
..\SRC\serve_amf.c(87): warning:  #223-D: function "printf" declared implicitly
..\SRC\serve_amf.c(106): warning:  #940-D: missing return statement at end of non-void function "srvLoadApp"
linking...
Program Size: Code=7172 RO-data=1240 RW-data=68 ZI-data=1412  
FromELF: creating hex file...
".\Output\hBooter.axf" - 0 Error(s), 7 Warning(s).
Load "D:\\git\\stBooter\\PRO\\Output\\hBooter.AXF" 
* JLink Info: Device "STM32F207VG" selected (1024 KB flash, 64 KB RAM).
Set JLink Project File to "D:\git\stBooter\PRO\JLinkSettings.ini"
 
JLink info:
------------
DLL: V4.40c, compiled Jan 24 2012 09:30:33
Firmware: J-Link ARM V8 compiled Jun  1 2012 09:22:18
Hardware: V8.00
S/N : 17935099 
Feature(s) : RDI,FlashDL,FlashBP,JFlash 
 
* JLink Info: Found SWD-DP with ID 0x2BA01477
* JLink Info: TPIU fitted.
* JLink Info: ETM fitted.
* JLink Info:   FPUnit: 6 code (BP) slots and 2 literal slots
* JLink Info: Found Cortex-M3 r2p0, Little endian.
ROMTableAddr = 0xE00FF003
* JLink Info: Found SWD-DP with ID 0x2BA01477
* JLink Info: TPIU fitted.
* JLink Info: ETM fitted.
* JLink Info:   FPUnit: 6 code (BP) slots and 2 literal slots
* JLink Info: Found Cortex-M3 r2p0, Little endian.
 
Target info:
------------
Device: STM32F207VG
VTarget = 3.630V
State of Pins: 
TCK: 0, TDI: 0, TDO: 0, TMS: 0, TRES: 1, TRST: 1
Hardware-Breakpoints: 6
Software-Breakpoints: 8192
Watchpoints:          4
JTAG speed: 2000 kHz
 
Erase Done.
Programming Done.
Verify OK.
* JLink Info: Found SWD-DP with ID 0x2BA01477
* JLink Info: TPIU fitted.
* JLink Info: ETM fitted.
* JLink Info:   FPUnit: 6 code (BP) slots and 2 literal slots
* JLink Info: Found Cortex-M3 r2p0, Little endian.
Application running ...
Load "D:\\git\\stBooter\\PRO\\Output\\hBooter.AXF" 
* JLink Info: Device "STM32F207VG" selected (1024 KB flash, 64 KB RAM).
Set JLink Project File to "D:\git\stBooter\PRO\JLinkSettings.ini"
 
JLink info:
------------
DLL: V4.40c, compiled Jan 24 2012 09:30:33
Firmware: J-Link ARM V8 compiled Jun  1 2012 09:22:18
Hardware: V8.00
S/N : 17935099 
Feature(s) : RDI,FlashDL,FlashBP,JFlash 
 
* JLink Info: Found SWD-DP with ID 0x2BA01477
* JLink Info: TPIU fitted.
* JLink Info: ETM fitted.
* JLink Info:   FPUnit: 6 code (BP) slots and 2 literal slots
* JLink Info: Found Cortex-M3 r2p0, Little endian.
ROMTableAddr = 0xE00FF003
* JLink Info: Found SWD-DP with ID 0x2BA01477
* JLink Info: TPIU fitted.
* JLink Info: ETM fitted.
* JLink Info:   FPUnit: 6 code (BP) slots and 2 literal slots
* JLink Info: Found Cortex-M3 r2p0, Little endian.
 
Target info:
------------
Device: STM32F207VG
VTarget = 3.636V
State of Pins: 
TCK: 0, TDI: 0, TDO: 0, TMS: 0, TRES: 1, TRST: 1
Hardware-Breakpoints: 6
Software-Breakpoints: 8192
Watchpoints:          4
JTAG speed: 2000 kHz
 
Erase Done.
Programming Done.
Verify OK.
* JLink Info: Found SWD-DP with ID 0x2BA01477
* JLink Info: TPIU fitted.
* JLink Info: ETM fitted.
* JLink Info:   FPUnit: 6 code (BP) slots and 2 literal slots
* JLink Info: Found Cortex-M3 r2p0, Little endian.
Application running ...
Build target 'BOOTLOADER'
compiling serve_amf.c...
..\INC\system.h(97): warning:  #1295-D: Deprecated declaration ipmcSetupSlot - give arg types
..\SRC\serve_amf.c(12): warning:  #223-D: function "usartBufferInit" declared implicitly
..\SRC\serve_amf.c(55): warning:  #223-D: function "bootloader_stage1" declared implicitly
..\SRC\serve_amf.c(56): warning:  #223-D: function "fish_init" declared implicitly
..\SRC\serve_amf.c(72): warning:  #940-D: missing return statement at end of non-void function "srvBoardInit"
..\SRC\serve_amf.c(87): warning:  #223-D: function "printf" declared implicitly
..\SRC\serve_amf.c(106): warning:  #940-D: missing return statement at end of non-void function "srvLoadApp"
linking...
Program Size: Code=7180 RO-data=1240 RW-data=68 ZI-data=1412  
FromELF: creating hex file...
".\Output\hBooter.axf" - 0 Error(s), 7 Warning(s).
Load "D:\\git\\stBooter\\PRO\\Output\\hBooter.AXF" 
* JLink Info: Device "STM32F207VG" selected (1024 KB flash, 64 KB RAM).
Set JLink Project File to "D:\git\stBooter\PRO\JLinkSettings.ini"
 
JLink info:
------------
DLL: V4.40c, compiled Jan 24 2012 09:30:33
Firmware: J-Link ARM V8 compiled Jun  1 2012 09:22:18
Hardware: V8.00
S/N : 17935099 
Feature(s) : RDI,FlashDL,FlashBP,JFlash 
 
* JLink Info: Found SWD-DP with ID 0x2BA01477
* JLink Info: TPIU fitted.
* JLink Info: ETM fitted.
* JLink Info:   FPUnit: 6 code (BP) slots and 2 literal slots
* JLink Info: Found Cortex-M3 r2p0, Little endian.
ROMTableAddr = 0xE00FF003
* JLink Info: Found SWD-DP with ID 0x2BA01477
* JLink Info: TPIU fitted.
* JLink Info: ETM fitted.
* JLink Info:   FPUnit: 6 code (BP) slots and 2 literal slots
* JLink Info: Found Cortex-M3 r2p0, Little endian.
 
Target info:
------------
Device: STM32F207VG
VTarget = 3.636V
State of Pins: 
TCK: 0, TDI: 0, TDO: 0, TMS: 0, TRES: 1, TRST: 1
Hardware-Breakpoints: 6
Software-Breakpoints: 8192
Watchpoints:          4
JTAG speed: 2000 kHz
 
Erase Done.
Programming Done.
Verify OK.
* JLink Info: Found SWD-DP with ID 0x2BA01477
* JLink Info: TPIU fitted.
* JLink Info: ETM fitted.
* JLink Info:   FPUnit: 6 code (BP) slots and 2 literal slots
* JLink Info: Found Cortex-M3 r2p0, Little endian.
Application running ...
Build target 'BOOTLOADER'
compiling serve_amf.c...
..\INC\system.h(97): warning:  #1295-D: Deprecated declaration ipmcSetupSlot - give arg types
..\SRC\serve_amf.c(12): warning:  #223-D: function "usartBufferInit" declared implicitly
..\SRC\serve_amf.c(55): warning:  #223-D: function "bootloader_stage1" declared implicitly
..\SRC\serve_amf.c(56): warning:  #223-D: function "fish_init" declared implicitly
..\SRC\serve_amf.c(72): warning:  #940-D: missing return statement at end of non-void function "srvBoardInit"
..\SRC\serve_amf.c(87): warning:  #223-D: function "printf" declared implicitly
..\SRC\serve_amf.c(106): warning:  #940-D: missing return statement at end of non-void function "srvLoadApp"
linking...
Program Size: Code=7180 RO-data=1240 RW-data=68 ZI-data=1412  
FromELF: creating hex file...
".\Output\hBooter.axf" - 0 Error(s), 7 Warning(s).
Load "D:\\git\\stBooter\\PRO\\Output\\hBooter.AXF" 
* JLink Info: Device "STM32F207VG" selected (1024 KB flash, 64 KB RAM).
Set JLink Project File to "D:\git\stBooter\PRO\JLinkSettings.ini"
 
JLink info:
------------
DLL: V4.40c, compiled Jan 24 2012 09:30:33
Firmware: J-Link ARM V8 compiled Jun  1 2012 09:22:18
Hardware: V8.00
S/N : 17935099 
Feature(s) : RDI,FlashDL,FlashBP,JFlash 
 
* JLink Info: Found SWD-DP with ID 0x2BA01477
* JLink Info: TPIU fitted.
* JLink Info: ETM fitted.
* JLink Info:   FPUnit: 6 code (BP) slots and 2 literal slots
* JLink Info: Found Cortex-M3 r2p0, Little endian.
ROMTableAddr = 0xE00FF003
* JLink Info: Found SWD-DP with ID 0x2BA01477
* JLink Info: TPIU fitted.
* JLink Info: ETM fitted.
* JLink Info:   FPUnit: 6 code (BP) slots and 2 literal slots
* JLink Info: Found Cortex-M3 r2p0, Little endian.
 
Target info:
------------
Device: STM32F207VG
VTarget = 3.636V
State of Pins: 
TCK: 0, TDI: 0, TDO: 0, TMS: 0, TRES: 1, TRST: 1
Hardware-Breakpoints: 6
Software-Breakpoints: 8192
Watchpoints:          4
JTAG speed: 2000 kHz
 
Erase Done.
Programming Done.
Verify OK.
* JLink Info: Found SWD-DP with ID 0x2BA01477
* JLink Info: TPIU fitted.
* JLink Info: ETM fitted.
* JLink Info:   FPUnit: 6 code (BP) slots and 2 literal slots
* JLink Info: Found Cortex-M3 r2p0, Little endian.
Application running ...
Load "D:\\git\\stBooter\\PRO\\Output\\hBooter.AXF" 
* JLink Info: Device "STM32F207VG" selected (1024 KB flash, 64 KB RAM).
Set JLink Project File to "D:\git\stBooter\PRO\JLinkSettings.ini"
 
JLink info:
------------
DLL: V4.40c, compiled Jan 24 2012 09:30:33
Firmware: J-Link ARM V8 compiled Jun  1 2012 09:22:18
Hardware: V8.00
S/N : 17935099 
Feature(s) : RDI,FlashDL,FlashBP,JFlash 
 
* JLink Info: Found SWD-DP with ID 0x2BA01477
* JLink Info: TPIU fitted.
* JLink Info: ETM fitted.
* JLink Info:   FPUnit: 6 code (BP) slots and 2 literal slots
* JLink Info: Found Cortex-M3 r2p0, Little endian.
ROMTableAddr = 0xE00FF003
* JLink Info: Found SWD-DP with ID 0x2BA01477
* JLink Info: TPIU fitted.
* JLink Info: ETM fitted.
* JLink Info:   FPUnit: 6 code (BP) slots and 2 literal slots
* JLink Info: Found Cortex-M3 r2p0, Little endian.
 
Target info:
------------
Device: STM32F207VG
VTarget = 3.636V
State of Pins: 
TCK: 0, TDI: 0, TDO: 0, TMS: 0, TRES: 1, TRST: 1
Hardware-Breakpoints: 6
Software-Breakpoints: 8192
Watchpoints:          4
JTAG speed: 2000 kHz
 
Erase Done.
Programming Done.
Verify OK.
* JLink Info: Found SWD-DP with ID 0x2BA01477
* JLink Info: TPIU fitted.
* JLink Info: ETM fitted.
* JLink Info:   FPUnit: 6 code (BP) slots and 2 literal slots
* JLink Info: Found Cortex-M3 r2p0, Little endian.
Application running ...
Build target 'BOOTLOADER'
compiling serve_amf.c...
..\INC\system.h(97): warning:  #1295-D: Deprecated declaration ipmcSetupSlot - give arg types
..\SRC\serve_amf.c(12): warning:  #223-D: function "usartBufferInit" declared implicitly
..\SRC\serve_amf.c(55): warning:  #223-D: function "bootloader_stage1" declared implicitly
..\SRC\serve_amf.c(56): warning:  #223-D: function "fish_init" declared implicitly
..\SRC\serve_amf.c(72): warning:  #940-D: missing return statement at end of non-void function "srvBoardInit"
..\SRC\serve_amf.c(87): warning:  #223-D: function "printf" declared implicitly
..\SRC\serve_amf.c(98): warning:  #940-D: missing return statement at end of non-void function "srvLoadApp"
compiling olupd.c...
..\SRC\olupd.c(51): warning:  #223-D: function "YmodemReceive" declared implicitly
..\SRC\olupd.c(53): warning:  #223-D: function "put" declared implicitly
..\SRC\olupd.c(65): warning:  #223-D: function "FLASH_If_lock" declared implicitly
..\SRC\olupd.c(48): warning:  #177-D: variable "timeout" was declared but never referenced
..\SRC\olupd.c(18): warning:  #177-D: function "appRunInRam" was declared but never referenced
linking...
Program Size: Code=7032 RO-data=1240 RW-data=68 ZI-data=1412  
FromELF: creating hex file...
".\Output\hBooter.axf" - 0 Error(s), 12 Warning(s).
Load "D:\\git\\stBooter\\PRO\\Output\\hBooter.AXF" 
* JLink Info: Device "STM32F207VG" selected (1024 KB flash, 64 KB RAM).
Set JLink Project File to "D:\git\stBooter\PRO\JLinkSettings.ini"
 
JLink info:
------------
DLL: V4.40c, compiled Jan 24 2012 09:30:33
Firmware: J-Link ARM V8 compiled Jun  1 2012 09:22:18
Hardware: V8.00
S/N : 17935099 
Feature(s) : RDI,FlashDL,FlashBP,JFlash 
 
* JLink Info: Found SWD-DP with ID 0x2BA01477
* JLink Info: TPIU fitted.
* JLink Info: ETM fitted.
* JLink Info:   FPUnit: 6 code (BP) slots and 2 literal slots
* JLink Info: Found Cortex-M3 r2p0, Little endian.
ROMTableAddr = 0xE00FF003
* JLink Info: Found SWD-DP with ID 0x2BA01477
* JLink Info: TPIU fitted.
* JLink Info: ETM fitted.
* JLink Info:   FPUnit: 6 code (BP) slots and 2 literal slots
* JLink Info: Found Cortex-M3 r2p0, Little endian.
 
Target info:
------------
Device: STM32F207VG
VTarget = 3.636V
State of Pins: 
TCK: 0, TDI: 0, TDO: 0, TMS: 0, TRES: 1, TRST: 1
Hardware-Breakpoints: 6
Software-Breakpoints: 8192
Watchpoints:          4
JTAG speed: 2000 kHz
 
Erase Done.
Programming Done.
Verify OK.
* JLink Info: Found SWD-DP with ID 0x2BA01477
* JLink Info: TPIU fitted.
* JLink Info: ETM fitted.
* JLink Info:   FPUnit: 6 code (BP) slots and 2 literal slots
* JLink Info: Found Cortex-M3 r2p0, Little endian.
Application running ...
Build target 'BOOTLOADER'
compiling serve_amf.c...
..\INC\system.h(97): warning:  #1295-D: Deprecated declaration ipmcSetupSlot - give arg types
..\SRC\serve_amf.c(12): warning:  #223-D: function "usartBufferInit" declared implicitly
..\SRC\serve_amf.c(55): warning:  #223-D: function "bootloader_stage1" declared implicitly
..\SRC\serve_amf.c(56): warning:  #223-D: function "fish_init" declared implicitly
..\SRC\serve_amf.c(72): warning:  #940-D: missing return statement at end of non-void function "srvBoardInit"
..\SRC\serve_amf.c(87): warning:  #223-D: function "printf" declared implicitly
..\SRC\serve_amf.c(98): warning:  #940-D: missing return statement at end of non-void function "srvLoadApp"
linking...
Program Size: Code=7028 RO-data=1240 RW-data=68 ZI-data=1412  
FromELF: creating hex file...
".\Output\hBooter.axf" - 0 Error(s), 7 Warning(s).
Load "D:\\git\\stBooter\\PRO\\Output\\hBooter.AXF" 
* JLink Info: Device "STM32F207VG" selected (1024 KB flash, 64 KB RAM).
Set JLink Project File to "D:\git\stBooter\PRO\JLinkSettings.ini"
 
JLink info:
------------
DLL: V4.40c, compiled Jan 24 2012 09:30:33
Firmware: J-Link ARM V8 compiled Jun  1 2012 09:22:18
Hardware: V8.00
S/N : 17935099 
Feature(s) : RDI,FlashDL,FlashBP,JFlash 
 
* JLink Info: Found SWD-DP with ID 0x2BA01477
* JLink Info: TPIU fitted.
* JLink Info: ETM fitted.
* JLink Info:   FPUnit: 6 code (BP) slots and 2 literal slots
* JLink Info: Found Cortex-M3 r2p0, Little endian.
ROMTableAddr = 0xE00FF003
* JLink Info: Found SWD-DP with ID 0x2BA01477
* JLink Info: TPIU fitted.
* JLink Info: ETM fitted.
* JLink Info:   FPUnit: 6 code (BP) slots and 2 literal slots
* JLink Info: Found Cortex-M3 r2p0, Little endian.
 
Target info:
------------
Device: STM32F207VG
VTarget = 3.630V
State of Pins: 
TCK: 0, TDI: 0, TDO: 0, TMS: 0, TRES: 1, TRST: 1
Hardware-Breakpoints: 6
Software-Breakpoints: 8192
Watchpoints:          4
JTAG speed: 2000 kHz
 
Erase Done.
Programming Done.
Verify OK.
* JLink Info: Found SWD-DP with ID 0x2BA01477
* JLink Info: TPIU fitted.
* JLink Info: ETM fitted.
* JLink Info:   FPUnit: 6 code (BP) slots and 2 literal slots
* JLink Info: Found Cortex-M3 r2p0, Little endian.
Application running ...
Build target 'BOOTLOADER'
compiling serve_amf.c...
..\INC\system.h(97): warning:  #1295-D: Deprecated declaration ipmcSetupSlot - give arg types
..\SRC\serve_amf.c(12): warning:  #223-D: function "usartBufferInit" declared implicitly
..\SRC\serve_amf.c(55): warning:  #223-D: function "bootloader_stage1" declared implicitly
..\SRC\serve_amf.c(56): warning:  #223-D: function "fish_init" declared implicitly
..\SRC\serve_amf.c(72): warning:  #940-D: missing return statement at end of non-void function "srvBoardInit"
..\SRC\serve_amf.c(88): warning:  #223-D: function "printf" declared implicitly
..\SRC\serve_amf.c(95): warning:  #940-D: missing return statement at end of non-void function "srvLoadApp"
linking...
Program Size: Code=7028 RO-data=1240 RW-data=68 ZI-data=1412  
FromELF: creating hex file...
".\Output\hBooter.axf" - 0 Error(s), 7 Warning(s).
Load "D:\\git\\stBooter\\PRO\\Output\\hBooter.AXF" 
* JLink Info: Device "STM32F207VG" selected (1024 KB flash, 64 KB RAM).
Set JLink Project File to "D:\git\stBooter\PRO\JLinkSettings.ini"
 
JLink info:
------------
DLL: V4.40c, compiled Jan 24 2012 09:30:33
Firmware: J-Link ARM V8 compiled Jun  1 2012 09:22:18
Hardware: V8.00
S/N : 17935099 
Feature(s) : RDI,FlashDL,FlashBP,JFlash 
 
* JLink Info: Found SWD-DP with ID 0x2BA01477
* JLink Info: TPIU fitted.
* JLink Info: ETM fitted.
* JLink Info:   FPUnit: 6 code (BP) slots and 2 literal slots
* JLink Info: Found Cortex-M3 r2p0, Little endian.
ROMTableAddr = 0xE00FF003
* JLink Info: Found SWD-DP with ID 0x2BA01477
* JLink Info: TPIU fitted.
* JLink Info: ETM fitted.
* JLink Info:   FPUnit: 6 code (BP) slots and 2 literal slots
* JLink Info: Found Cortex-M3 r2p0, Little endian.
 
Target info:
------------
Device: STM32F207VG
VTarget = 3.636V
State of Pins: 
TCK: 0, TDI: 0, TDO: 0, TMS: 0, TRES: 1, TRST: 1
Hardware-Breakpoints: 6
Software-Breakpoints: 8192
Watchpoints:          4
JTAG speed: 2000 kHz
 
Erase Done.
Programming Done.
Verify OK.
* JLink Info: Found SWD-DP with ID 0x2BA01477
* JLink Info: TPIU fitted.
* JLink Info: ETM fitted.
* JLink Info:   FPUnit: 6 code (BP) slots and 2 literal slots
* JLink Info: Found Cortex-M3 r2p0, Little endian.
Application running ...
Build target 'BOOTLOADER'
compiling serve_amf.c...
..\INC\system.h(97): warning:  #1295-D: Deprecated declaration ipmcSetupSlot - give arg types
..\SRC\serve_amf.c(12): warning:  #223-D: function "usartBufferInit" declared implicitly
..\SRC\serve_amf.c(55): warning:  #223-D: function "bootloader_stage1" declared implicitly
..\SRC\serve_amf.c(56): warning:  #223-D: function "fish_init" declared implicitly
..\SRC\serve_amf.c(72): warning:  #940-D: missing return statement at end of non-void function "srvBoardInit"
..\SRC\serve_amf.c(87): warning:  #223-D: function "printf" declared implicitly
..\SRC\serve_amf.c(98): warning:  #940-D: missing return statement at end of non-void function "srvLoadApp"
linking...
Program Size: Code=7032 RO-data=1240 RW-data=68 ZI-data=1412  
FromELF: creating hex file...
".\Output\hBooter.axf" - 0 Error(s), 7 Warning(s).
Load "D:\\git\\stBooter\\PRO\\Output\\hBooter.AXF" 
* JLink Info: Device "STM32F207VG" selected (1024 KB flash, 64 KB RAM).
Set JLink Project File to "D:\git\stBooter\PRO\JLinkSettings.ini"
 
JLink info:
------------
DLL: V4.40c, compiled Jan 24 2012 09:30:33
Firmware: J-Link ARM V8 compiled Jun  1 2012 09:22:18
Hardware: V8.00
S/N : 17935099 
Feature(s) : RDI,FlashDL,FlashBP,JFlash 
 
* JLink Info: Found SWD-DP with ID 0x2BA01477
* JLink Info: TPIU fitted.
* JLink Info: ETM fitted.
* JLink Info:   FPUnit: 6 code (BP) slots and 2 literal slots
* JLink Info: Found Cortex-M3 r2p0, Little endian.
ROMTableAddr = 0xE00FF003
* JLink Info: Found SWD-DP with ID 0x2BA01477
* JLink Info: TPIU fitted.
* JLink Info: ETM fitted.
* JLink Info:   FPUnit: 6 code (BP) slots and 2 literal slots
* JLink Info: Found Cortex-M3 r2p0, Little endian.
 
Target info:
------------
Device: STM32F207VG
VTarget = 3.630V
State of Pins: 
TCK: 0, TDI: 0, TDO: 0, TMS: 0, TRES: 1, TRST: 1
Hardware-Breakpoints: 6
Software-Breakpoints: 8192
Watchpoints:          4
JTAG speed: 2000 kHz
 
Erase Done.
Programming Done.
Verify OK.
* JLink Info: Found SWD-DP with ID 0x2BA01477
* JLink Info: TPIU fitted.
* JLink Info: ETM fitted.
* JLink Info:   FPUnit: 6 code (BP) slots and 2 literal slots
* JLink Info: Found Cortex-M3 r2p0, Little endian.
Application running ...
Build target 'BOOTLOADER'
linking...
Program Size: Code=7032 RO-data=1240 RW-data=68 ZI-data=1412  
FromELF: creating hex file...
".\Output\hBooter.axf" - 0 Error(s), 0 Warning(s).
Rebuild target 'BOOTLOADER'
compiling app.c...
..\INC\system.h(97): warning:  #1295-D: Deprecated declaration ipmcSetupSlot - give arg types
..\APP\app.c(13): warning:  #223-D: function "srvBoardInit" declared implicitly
..\APP\app.c(14): warning:  #223-D: function "printf" declared implicitly
..\APP\app.c(18): warning:  #223-D: function "put" declared implicitly
..\APP\app.c(19): warning:  #223-D: function "fish_echo" declared implicitly
..\APP\app.c(22): warning:  #223-D: function "srvSleep" declared implicitly
..\APP\app.c(32): warning:  #223-D: function "srvLoadApp" declared implicitly
compiling comp_uart.c...
..\INC\system.h(97): warning:  #1295-D: Deprecated declaration ipmcSetupSlot - give arg types
..\SRC\comp_uart.c(47): warning:  #68-D: integer conversion resulted in a change of sign
..\SRC\comp_uart.c(56): warning:  #68-D: integer conversion resulted in a change of sign
..\SRC\comp_uart.c(59): warning:  #514-D: pointless comparison of unsigned integer with a negative constant
..\SRC\comp_uart.c(82): warning:  #68-D: integer conversion resulted in a change of sign
..\SRC\comp_uart.c(98): warning:  #223-D: function "strlen" declared implicitly
..\SRC\comp_uart.c(110): warning:  #223-D: function "memset" declared implicitly
..\SRC\comp_uart.c(128): warning:  #513-D: a value of type "volatile char *" cannot be assigned to an entity of type "char *"
..\SRC\comp_uart.c(121): warning:  #550-D: variable "counter" was set but never used
..\SRC\comp_uart.c(27): warning:  #177-D: variable "uart_recv_cycle_last" was declared but never referenced
compiling startup.c...
..\INC\system.h(97): warning:  #1295-D: Deprecated declaration ipmcSetupSlot - give arg types
compiling comp_gpio.c...
..\INC\system.h(97): warning:  #1295-D: Deprecated declaration ipmcSetupSlot - give arg types
compiling serve_amf.c...
..\INC\system.h(97): warning:  #1295-D: Deprecated declaration ipmcSetupSlot - give arg types
..\SRC\serve_amf.c(12): warning:  #223-D: function "usartBufferInit" declared implicitly
..\SRC\serve_amf.c(55): warning:  #223-D: function "bootloader_stage1" declared implicitly
..\SRC\serve_amf.c(56): warning:  #223-D: function "fish_init" declared implicitly
..\SRC\serve_amf.c(72): warning:  #940-D: missing return statement at end of non-void function "srvBoardInit"
..\SRC\serve_amf.c(87): warning:  #223-D: function "printf" declared implicitly
..\SRC\serve_amf.c(98): warning:  #940-D: missing return statement at end of non-void function "srvLoadApp"
compiling comp_fish.c...
..\INC\system.h(97): warning:  #1295-D: Deprecated declaration ipmcSetupSlot - give arg types
..\SRC\comp_fish.c(51): warning:  #223-D: function "updFirmware" declared implicitly
..\SRC\comp_fish.c(58): warning:  #223-D: function "srvLoadApp" declared implicitly
..\SRC\comp_fish.c(80): warning:  #513-D: a value of type "volatile char *" cannot be assigned to an entity of type "char *"
..\SRC\comp_fish.c(81): warning:  #513-D: a value of type "volatile char *" cannot be assigned to an entity of type "char *"
..\SRC\comp_fish.c(84): warning:  #223-D: function "memset" declared implicitly
..\SRC\comp_fish.c(92): warning:  #513-D: a value of type "FUNC (*)(void *)" cannot be assigned to an entity of type "FUNC"
..\SRC\comp_fish.c(98): warning:  #513-D: a value of type "FUNC (*)(void *)" cannot be assigned to an entity of type "FUNC"
..\SRC\comp_fish.c(105): warning:  #513-D: a value of type "FUNC (*)(void *)" cannot be assigned to an entity of type "FUNC"
..\SRC\comp_fish.c(111): warning:  #513-D: a value of type "FUNC (*)()" cannot be assigned to an entity of type "FUNC"
..\SRC\comp_fish.c(118): warning:  #513-D: a value of type "FUNC (*)(void *)" cannot be assigned to an entity of type "FUNC"
..\SRC\comp_fish.c(141): warning:  #223-D: function "memcmp" declared implicitly
..\SRC\comp_fish.c(181): warning:  #223-D: function "putstr" declared implicitly
..\SRC\comp_fish.c(187): warning:  #223-D: function "memcmp" declared implicitly
..\SRC\comp_fish.c(187): warning:  #223-D: function "strlen" declared implicitly
..\SRC\comp_fish.c(200): warning:  #223-D: function "memset" declared implicitly
..\SRC\comp_fish.c(209): warning:  #223-D: function "putstr" declared implicitly
..\SRC\comp_fish.c(250): warning:  #513-D: a value of type "volatile char *" cannot be assigned to an entity of type "char *"
..\SRC\comp_fish.c(174): warning:  #177-D: variable "tmp" was declared but never referenced
compiling olupd.c...
..\SRC\olupd.c(51): warning:  #223-D: function "YmodemReceive" declared implicitly
..\SRC\olupd.c(53): warning:  #223-D: function "put" declared implicitly
..\SRC\olupd.c(65): warning:  #223-D: function "FLASH_If_lock" declared implicitly
..\SRC\olupd.c(48): warning:  #177-D: variable "timeout" was declared but never referenced
..\SRC\olupd.c(18): warning:  #177-D: function "appRunInRam" was declared but never referenced
compiling ymodem.c...
..\SRC\ymodem.c(98): warning:  #223-D: function "send_buf" declared implicitly
..\SRC\ymodem.c(102): warning:  #223-D: function "send_buf" declared implicitly
..\SRC\ymodem.c(107): warning:  #223-D: function "recv_buf" declared implicitly
..\SRC\ymodem.c(131): warning:  #223-D: function "srvSleep" declared implicitly
..\SRC\ymodem.c(195): warning:  #513-D: a value of type "char *" cannot be assigned to an entity of type "unsigned char *"
..\SRC\ymodem.c(196): warning:  #223-D: function "atoi" declared implicitly
..\SRC\ymodem.c(196): warning:  #167-D: argument of type "unsigned char *" is incompatible with parameter of type "const char *"
..\SRC\ymodem.c(201): warning:  #167-D: argument of type "unsigned char *" is incompatible with parameter of type "char *"
..\SRC\ymodem.c(203): warning:  #167-D: argument of type "unsigned char *" is incompatible with parameter of type "char *"
..\SRC\ymodem.c(255): warning:  #68-D: integer conversion resulted in a change of sign
..\SRC\ymodem.c(174): warning:  #177-D: variable "Jump_To_Application" was declared but never referenced
compiling flash_if.c...
compiling system_stm32f2xx.c...
assembling startup_stm32f2xx.s...
compiling stm32f2xx_usart.c...
compiling stm32f2xx_rcc.c...
compiling stm32f2xx_gpio.c...
compiling misc.c...
compiling stm32f2xx_syscfg.c...
compiling stm32f2xx_flash.c...
linking...
Program Size: Code=7032 RO-data=1240 RW-data=68 ZI-data=1412  
FromELF: creating hex file...
".\Output\hBooter.axf" - 0 Error(s), 61 Warning(s).
Load "D:\\git\\stBooter\\PRO\\Output\\hBooter.AXF" 
* JLink Info: Device "STM32F207VG" selected (1024 KB flash, 64 KB RAM).
Set JLink Project File to "D:\git\stBooter\PRO\JLinkSettings.ini"
 
JLink info:
------------
DLL: V4.40c, compiled Jan 24 2012 09:30:33
Firmware: J-Link ARM V8 compiled Jun  1 2012 09:22:18
Hardware: V8.00
S/N : 17935099 
Feature(s) : RDI,FlashDL,FlashBP,JFlash 
 
* JLink Info: Found SWD-DP with ID 0x2BA01477
* JLink Info: TPIU fitted.
* JLink Info: ETM fitted.
* JLink Info:   FPUnit: 6 code (BP) slots and 2 literal slots
* JLink Info: Found Cortex-M3 r2p0, Little endian.
ROMTableAddr = 0xE00FF003
* JLink Info: Found SWD-DP with ID 0x2BA01477
* JLink Info: TPIU fitted.
* JLink Info: ETM fitted.
* JLink Info:   FPUnit: 6 code (BP) slots and 2 literal slots
* JLink Info: Found Cortex-M3 r2p0, Little endian.
 
Target info:
------------
Device: STM32F207VG
VTarget = 3.630V
State of Pins: 
TCK: 0, TDI: 0, TDO: 0, TMS: 0, TRES: 1, TRST: 1
Hardware-Breakpoints: 6
Software-Breakpoints: 8192
Watchpoints:          4
JTAG speed: 2000 kHz
 
Erase Done.
Programming Done.
Verify OK.
* JLink Info: Found SWD-DP with ID 0x2BA01477
* JLink Info: TPIU fitted.
* JLink Info: ETM fitted.
* JLink Info:   FPUnit: 6 code (BP) slots and 2 literal slots
* JLink Info: Found Cortex-M3 r2p0, Little endian.
Application running ...
Build target 'BOOTLOADER'
compiling app.c...
..\INC\system.h(7): error:  #5: cannot open source input file "comp_adc.h": No such file or directory
compiling comp_uart.c...
..\INC\system.h(7): error:  #5: cannot open source input file "comp_adc.h": No such file or directory
compiling startup.c...
..\INC\system.h(7): error:  #5: cannot open source input file "comp_adc.h": No such file or directory
compiling comp_gpio.c...
..\INC\system.h(7): error:  #5: cannot open source input file "comp_adc.h": No such file or directory
compiling serve_amf.c...
..\INC\system.h(7): error:  #5: cannot open source input file "comp_adc.h": No such file or directory
compiling comp_fish.c...
..\INC\system.h(7): error:  #5: cannot open source input file "comp_adc.h": No such file or directory
Target not created
Build target 'BOOTLOADER'
compiling app.c...
..\INC\system.h(61): error:  #20: identifier "VOLTAGE_MONITOR_t" is undefined
..\INC\system.h(97): warning:  #1295-D: Deprecated declaration ipmcSetupSlot - give arg types
..\APP\app.c(13): warning:  #223-D: function "srvBoardInit" declared implicitly
..\APP\app.c(14): warning:  #223-D: function "printf" declared implicitly
..\APP\app.c(18): warning:  #223-D: function "put" declared implicitly
..\APP\app.c(19): warning:  #223-D: function "fish_echo" declared implicitly
..\APP\app.c(22): warning:  #223-D: function "srvSleep" declared implicitly
..\APP\app.c(32): warning:  #223-D: function "srvLoadApp" declared implicitly
compiling comp_uart.c...
..\INC\system.h(61): error:  #20: identifier "VOLTAGE_MONITOR_t" is undefined
..\INC\system.h(97): warning:  #1295-D: Deprecated declaration ipmcSetupSlot - give arg types
..\SRC\comp_uart.c(47): warning:  #68-D: integer conversion resulted in a change of sign
..\SRC\comp_uart.c(56): warning:  #68-D: integer conversion resulted in a change of sign
..\SRC\comp_uart.c(59): warning:  #514-D: pointless comparison of unsigned integer with a negative constant
..\SRC\comp_uart.c(82): warning:  #68-D: integer conversion resulted in a change of sign
..\SRC\comp_uart.c(98): warning:  #223-D: function "strlen" declared implicitly
..\SRC\comp_uart.c(110): warning:  #223-D: function "memset" declared implicitly
..\SRC\comp_uart.c(128): warning:  #513-D: a value of type "volatile char *" cannot be assigned to an entity of type "char *"
..\SRC\comp_uart.c(121): warning:  #550-D: variable "counter" was set but never used
..\SRC\comp_uart.c(27): warning:  #177-D: variable "uart_recv_cycle_last" was declared but never referenced
compiling startup.c...
..\INC\system.h(61): error:  #20: identifier "VOLTAGE_MONITOR_t" is undefined
..\INC\system.h(97): warning:  #1295-D: Deprecated declaration ipmcSetupSlot - give arg types
compiling comp_gpio.c...
..\INC\system.h(61): error:  #20: identifier "VOLTAGE_MONITOR_t" is undefined
..\INC\system.h(97): warning:  #1295-D: Deprecated declaration ipmcSetupSlot - give arg types
compiling serve_amf.c...
..\INC\system.h(61): error:  #20: identifier "VOLTAGE_MONITOR_t" is undefined
..\INC\system.h(97): warning:  #1295-D: Deprecated declaration ipmcSetupSlot - give arg types
..\SRC\serve_amf.c(12): warning:  #223-D: function "usartBufferInit" declared implicitly
..\SRC\serve_amf.c(55): warning:  #223-D: function "bootloader_stage1" declared implicitly
..\SRC\serve_amf.c(56): warning:  #223-D: function "fish_init" declared implicitly
..\SRC\serve_amf.c(72): warning:  #940-D: missing return statement at end of non-void function "srvBoardInit"
..\SRC\serve_amf.c(87): warning:  #223-D: function "printf" declared implicitly
..\SRC\serve_amf.c(97): warning:  #940-D: missing return statement at end of non-void function "srvLoadApp"
compiling comp_fish.c...
..\INC\system.h(61): error:  #20: identifier "VOLTAGE_MONITOR_t" is undefined
..\INC\system.h(97): warning:  #1295-D: Deprecated declaration ipmcSetupSlot - give arg types
..\SRC\comp_fish.c(51): warning:  #223-D: function "updFirmware" declared implicitly
..\SRC\comp_fish.c(58): warning:  #223-D: function "srvLoadApp" declared implicitly
..\SRC\comp_fish.c(80): warning:  #513-D: a value of type "volatile char *" cannot be assigned to an entity of type "char *"
..\SRC\comp_fish.c(81): warning:  #513-D: a value of type "volatile char *" cannot be assigned to an entity of type "char *"
..\SRC\comp_fish.c(84): warning:  #223-D: function "memset" declared implicitly
..\SRC\comp_fish.c(92): warning:  #513-D: a value of type "FUNC (*)(void *)" cannot be assigned to an entity of type "FUNC"
..\SRC\comp_fish.c(98): warning:  #513-D: a value of type "FUNC (*)(void *)" cannot be assigned to an entity of type "FUNC"
..\SRC\comp_fish.c(105): warning:  #513-D: a value of type "FUNC (*)(void *)" cannot be assigned to an entity of type "FUNC"
..\SRC\comp_fish.c(111): warning:  #513-D: a value of type "FUNC (*)()" cannot be assigned to an entity of type "FUNC"
..\SRC\comp_fish.c(118): warning:  #513-D: a value of type "FUNC (*)(void *)" cannot be assigned to an entity of type "FUNC"
..\SRC\comp_fish.c(141): warning:  #223-D: function "memcmp" declared implicitly
..\SRC\comp_fish.c(181): warning:  #223-D: function "putstr" declared implicitly
..\SRC\comp_fish.c(187): warning:  #223-D: function "memcmp" declared implicitly
..\SRC\comp_fish.c(187): warning:  #223-D: function "strlen" declared implicitly
..\SRC\comp_fish.c(200): warning:  #223-D: function "memset" declared implicitly
..\SRC\comp_fish.c(209): warning:  #223-D: function "putstr" declared implicitly
..\SRC\comp_fish.c(250): warning:  #513-D: a value of type "volatile char *" cannot be assigned to an entity of type "char *"
..\SRC\comp_fish.c(174): warning:  #177-D: variable "tmp" was declared but never referenced
Target not created
Build target 'BOOTLOADER'
compiling app.c...
..\INC\system.h(97): warning:  #1295-D: Deprecated declaration ipmcSetupSlot - give arg types
..\APP\app.c(13): warning:  #223-D: function "srvBoardInit" declared implicitly
..\APP\app.c(14): warning:  #223-D: function "printf" declared implicitly
..\APP\app.c(18): warning:  #223-D: function "put" declared implicitly
..\APP\app.c(19): warning:  #223-D: function "fish_echo" declared implicitly
..\APP\app.c(22): warning:  #223-D: function "srvSleep" declared implicitly
..\APP\app.c(32): warning:  #223-D: function "srvLoadApp" declared implicitly
compiling comp_uart.c...
..\INC\system.h(97): warning:  #1295-D: Deprecated declaration ipmcSetupSlot - give arg types
..\SRC\comp_uart.c(47): warning:  #68-D: integer conversion resulted in a change of sign
..\SRC\comp_uart.c(56): warning:  #68-D: integer conversion resulted in a change of sign
..\SRC\comp_uart.c(59): warning:  #514-D: pointless comparison of unsigned integer with a negative constant
..\SRC\comp_uart.c(82): warning:  #68-D: integer conversion resulted in a change of sign
..\SRC\comp_uart.c(98): warning:  #223-D: function "strlen" declared implicitly
..\SRC\comp_uart.c(110): warning:  #223-D: function "memset" declared implicitly
..\SRC\comp_uart.c(128): warning:  #513-D: a value of type "volatile char *" cannot be assigned to an entity of type "char *"
..\SRC\comp_uart.c(121): warning:  #550-D: variable "counter" was set but never used
..\SRC\comp_uart.c(27): warning:  #177-D: variable "uart_recv_cycle_last" was declared but never referenced
compiling startup.c...
..\INC\system.h(97): warning:  #1295-D: Deprecated declaration ipmcSetupSlot - give arg types
compiling comp_gpio.c...
..\INC\system.h(97): warning:  #1295-D: Deprecated declaration ipmcSetupSlot - give arg types
compiling serve_amf.c...
..\INC\system.h(97): warning:  #1295-D: Deprecated declaration ipmcSetupSlot - give arg types
..\SRC\serve_amf.c(12): warning:  #223-D: function "usartBufferInit" declared implicitly
..\SRC\serve_amf.c(55): warning:  #223-D: function "bootloader_stage1" declared implicitly
..\SRC\serve_amf.c(56): warning:  #223-D: function "fish_init" declared implicitly
..\SRC\serve_amf.c(72): warning:  #940-D: missing return statement at end of non-void function "srvBoardInit"
..\SRC\serve_amf.c(87): warning:  #223-D: function "printf" declared implicitly
..\SRC\serve_amf.c(97): warning:  #940-D: missing return statement at end of non-void function "srvLoadApp"
compiling comp_fish.c...
..\INC\system.h(97): warning:  #1295-D: Deprecated declaration ipmcSetupSlot - give arg types
..\SRC\comp_fish.c(51): warning:  #223-D: function "updFirmware" declared implicitly
..\SRC\comp_fish.c(58): warning:  #223-D: function "srvLoadApp" declared implicitly
..\SRC\comp_fish.c(80): warning:  #513-D: a value of type "volatile char *" cannot be assigned to an entity of type "char *"
..\SRC\comp_fish.c(81): warning:  #513-D: a value of type "volatile char *" cannot be assigned to an entity of type "char *"
..\SRC\comp_fish.c(84): warning:  #223-D: function "memset" declared implicitly
..\SRC\comp_fish.c(92): warning:  #513-D: a value of type "FUNC (*)(void *)" cannot be assigned to an entity of type "FUNC"
..\SRC\comp_fish.c(98): warning:  #513-D: a value of type "FUNC (*)(void *)" cannot be assigned to an entity of type "FUNC"
..\SRC\comp_fish.c(105): warning:  #513-D: a value of type "FUNC (*)(void *)" cannot be assigned to an entity of type "FUNC"
..\SRC\comp_fish.c(111): warning:  #513-D: a value of type "FUNC (*)()" cannot be assigned to an entity of type "FUNC"
..\SRC\comp_fish.c(118): warning:  #513-D: a value of type "FUNC (*)(void *)" cannot be assigned to an entity of type "FUNC"
..\SRC\comp_fish.c(141): warning:  #223-D: function "memcmp" declared implicitly
..\SRC\comp_fish.c(181): warning:  #223-D: function "putstr" declared implicitly
..\SRC\comp_fish.c(187): warning:  #223-D: function "memcmp" declared implicitly
..\SRC\comp_fish.c(187): warning:  #223-D: function "strlen" declared implicitly
..\SRC\comp_fish.c(200): warning:  #223-D: function "memset" declared implicitly
..\SRC\comp_fish.c(209): warning:  #223-D: function "putstr" declared implicitly
..\SRC\comp_fish.c(250): warning:  #513-D: a value of type "volatile char *" cannot be assigned to an entity of type "char *"
..\SRC\comp_fish.c(174): warning:  #177-D: variable "tmp" was declared but never referenced
linking...
Program Size: Code=7032 RO-data=1240 RW-data=68 ZI-data=1412  
FromELF: creating hex file...
".\Output\hBooter.axf" - 0 Error(s), 45 Warning(s).
Build target 'BOOTLOADER'
compiling app.c...
..\INC\system.h(17): warning:  #1295-D: Deprecated declaration ipmcSetupSlot - give arg types
..\APP\app.c(13): warning:  #223-D: function "srvBoardInit" declared implicitly
..\APP\app.c(14): warning:  #223-D: function "printf" declared implicitly
..\APP\app.c(18): warning:  #223-D: function "put" declared implicitly
..\APP\app.c(19): warning:  #223-D: function "fish_echo" declared implicitly
..\APP\app.c(22): warning:  #223-D: function "srvSleep" declared implicitly
..\APP\app.c(32): warning:  #223-D: function "srvLoadApp" declared implicitly
compiling comp_uart.c...
..\INC\system.h(17): warning:  #1295-D: Deprecated declaration ipmcSetupSlot - give arg types
..\SRC\comp_uart.c(47): warning:  #68-D: integer conversion resulted in a change of sign
..\SRC\comp_uart.c(56): warning:  #68-D: integer conversion resulted in a change of sign
..\SRC\comp_uart.c(59): warning:  #514-D: pointless comparison of unsigned integer with a negative constant
..\SRC\comp_uart.c(82): warning:  #68-D: integer conversion resulted in a change of sign
..\SRC\comp_uart.c(98): warning:  #223-D: function "strlen" declared implicitly
..\SRC\comp_uart.c(110): warning:  #223-D: function "memset" declared implicitly
..\SRC\comp_uart.c(128): warning:  #513-D: a value of type "volatile char *" cannot be assigned to an entity of type "char *"
..\SRC\comp_uart.c(121): warning:  #550-D: variable "counter" was set but never used
..\SRC\comp_uart.c(27): warning:  #177-D: variable "uart_recv_cycle_last" was declared but never referenced
compiling startup.c...
..\INC\system.h(17): warning:  #1295-D: Deprecated declaration ipmcSetupSlot - give arg types
compiling comp_gpio.c...
..\INC\system.h(17): warning:  #1295-D: Deprecated declaration ipmcSetupSlot - give arg types
compiling serve_amf.c...
..\INC\system.h(17): warning:  #1295-D: Deprecated declaration ipmcSetupSlot - give arg types
..\SRC\serve_amf.c(12): warning:  #223-D: function "usartBufferInit" declared implicitly
..\SRC\serve_amf.c(55): warning:  #223-D: function "bootloader_stage1" declared implicitly
..\SRC\serve_amf.c(56): warning:  #223-D: function "fish_init" declared implicitly
..\SRC\serve_amf.c(60): error:  #20: identifier "AMF_SYS_48V_ALARM" is undefined
..\SRC\serve_amf.c(69): error:  #20: identifier "AMF_SYS_POWEROK" is undefined
..\SRC\serve_amf.c(72): warning:  #940-D: missing return statement at end of non-void function "srvBoardInit"
..\SRC\serve_amf.c(87): warning:  #223-D: function "printf" declared implicitly
..\SRC\serve_amf.c(97): warning:  #940-D: missing return statement at end of non-void function "srvLoadApp"
compiling comp_fish.c...
..\INC\system.h(17): warning:  #1295-D: Deprecated declaration ipmcSetupSlot - give arg types
..\SRC\comp_fish.c(51): warning:  #223-D: function "updFirmware" declared implicitly
..\SRC\comp_fish.c(58): warning:  #223-D: function "srvLoadApp" declared implicitly
..\SRC\comp_fish.c(80): warning:  #513-D: a value of type "volatile char *" cannot be assigned to an entity of type "char *"
..\SRC\comp_fish.c(81): warning:  #513-D: a value of type "volatile char *" cannot be assigned to an entity of type "char *"
..\SRC\comp_fish.c(84): warning:  #223-D: function "memset" declared implicitly
..\SRC\comp_fish.c(92): warning:  #513-D: a value of type "FUNC (*)(void *)" cannot be assigned to an entity of type "FUNC"
..\SRC\comp_fish.c(98): warning:  #513-D: a value of type "FUNC (*)(void *)" cannot be assigned to an entity of type "FUNC"
..\SRC\comp_fish.c(105): warning:  #513-D: a value of type "FUNC (*)(void *)" cannot be assigned to an entity of type "FUNC"
..\SRC\comp_fish.c(111): warning:  #513-D: a value of type "FUNC (*)()" cannot be assigned to an entity of type "FUNC"
..\SRC\comp_fish.c(118): warning:  #513-D: a value of type "FUNC (*)(void *)" cannot be assigned to an entity of type "FUNC"
..\SRC\comp_fish.c(141): warning:  #223-D: function "memcmp" declared implicitly
..\SRC\comp_fish.c(181): warning:  #223-D: function "putstr" declared implicitly
..\SRC\comp_fish.c(187): warning:  #223-D: function "memcmp" declared implicitly
..\SRC\comp_fish.c(187): warning:  #223-D: function "strlen" declared implicitly
..\SRC\comp_fish.c(200): warning:  #223-D: function "memset" declared implicitly
..\SRC\comp_fish.c(209): warning:  #223-D: function "putstr" declared implicitly
..\SRC\comp_fish.c(250): warning:  #513-D: a value of type "volatile char *" cannot be assigned to an entity of type "char *"
..\SRC\comp_fish.c(174): warning:  #177-D: variable "tmp" was declared but never referenced
Target not created
Build target 'BOOTLOADER'
compiling app.c...
..\INC\system.h(61): warning:  #1295-D: Deprecated declaration ipmcSetupSlot - give arg types
..\APP\app.c(13): warning:  #223-D: function "srvBoardInit" declared implicitly
..\APP\app.c(14): warning:  #223-D: function "printf" declared implicitly
..\APP\app.c(18): warning:  #223-D: function "put" declared implicitly
..\APP\app.c(19): warning:  #223-D: function "fish_echo" declared implicitly
..\APP\app.c(22): warning:  #223-D: function "srvSleep" declared implicitly
..\APP\app.c(32): warning:  #223-D: function "srvLoadApp" declared implicitly
compiling comp_uart.c...
..\INC\system.h(61): warning:  #1295-D: Deprecated declaration ipmcSetupSlot - give arg types
..\SRC\comp_uart.c(47): warning:  #68-D: integer conversion resulted in a change of sign
..\SRC\comp_uart.c(56): warning:  #68-D: integer conversion resulted in a change of sign
..\SRC\comp_uart.c(59): warning:  #514-D: pointless comparison of unsigned integer with a negative constant
..\SRC\comp_uart.c(82): warning:  #68-D: integer conversion resulted in a change of sign
..\SRC\comp_uart.c(98): warning:  #223-D: function "strlen" declared implicitly
..\SRC\comp_uart.c(110): warning:  #223-D: function "memset" declared implicitly
..\SRC\comp_uart.c(128): warning:  #513-D: a value of type "volatile char *" cannot be assigned to an entity of type "char *"
..\SRC\comp_uart.c(121): warning:  #550-D: variable "counter" was set but never used
..\SRC\comp_uart.c(27): warning:  #177-D: variable "uart_recv_cycle_last" was declared but never referenced
compiling startup.c...
..\INC\system.h(61): warning:  #1295-D: Deprecated declaration ipmcSetupSlot - give arg types
compiling comp_gpio.c...
..\INC\system.h(61): warning:  #1295-D: Deprecated declaration ipmcSetupSlot - give arg types
compiling serve_amf.c...
..\INC\system.h(61): warning:  #1295-D: Deprecated declaration ipmcSetupSlot - give arg types
..\SRC\serve_amf.c(12): warning:  #223-D: function "usartBufferInit" declared implicitly
..\SRC\serve_amf.c(55): warning:  #223-D: function "bootloader_stage1" declared implicitly
..\SRC\serve_amf.c(56): warning:  #223-D: function "fish_init" declared implicitly
..\SRC\serve_amf.c(72): warning:  #940-D: missing return statement at end of non-void function "srvBoardInit"
..\SRC\serve_amf.c(87): warning:  #223-D: function "printf" declared implicitly
..\SRC\serve_amf.c(97): warning:  #940-D: missing return statement at end of non-void function "srvLoadApp"
compiling comp_fish.c...
..\INC\system.h(61): warning:  #1295-D: Deprecated declaration ipmcSetupSlot - give arg types
..\SRC\comp_fish.c(51): warning:  #223-D: function "updFirmware" declared implicitly
..\SRC\comp_fish.c(58): warning:  #223-D: function "srvLoadApp" declared implicitly
..\SRC\comp_fish.c(80): warning:  #513-D: a value of type "volatile char *" cannot be assigned to an entity of type "char *"
..\SRC\comp_fish.c(81): warning:  #513-D: a value of type "volatile char *" cannot be assigned to an entity of type "char *"
..\SRC\comp_fish.c(84): warning:  #223-D: function "memset" declared implicitly
..\SRC\comp_fish.c(92): warning:  #513-D: a value of type "FUNC (*)(void *)" cannot be assigned to an entity of type "FUNC"
..\SRC\comp_fish.c(98): warning:  #513-D: a value of type "FUNC (*)(void *)" cannot be assigned to an entity of type "FUNC"
..\SRC\comp_fish.c(105): warning:  #513-D: a value of type "FUNC (*)(void *)" cannot be assigned to an entity of type "FUNC"
..\SRC\comp_fish.c(111): warning:  #513-D: a value of type "FUNC (*)()" cannot be assigned to an entity of type "FUNC"
..\SRC\comp_fish.c(118): warning:  #513-D: a value of type "FUNC (*)(void *)" cannot be assigned to an entity of type "FUNC"
..\SRC\comp_fish.c(141): warning:  #223-D: function "memcmp" declared implicitly
..\SRC\comp_fish.c(181): warning:  #223-D: function "putstr" declared implicitly
..\SRC\comp_fish.c(187): warning:  #223-D: function "memcmp" declared implicitly
..\SRC\comp_fish.c(187): warning:  #223-D: function "strlen" declared implicitly
..\SRC\comp_fish.c(200): warning:  #223-D: function "memset" declared implicitly
..\SRC\comp_fish.c(209): warning:  #223-D: function "putstr" declared implicitly
..\SRC\comp_fish.c(250): warning:  #513-D: a value of type "volatile char *" cannot be assigned to an entity of type "char *"
..\SRC\comp_fish.c(174): warning:  #177-D: variable "tmp" was declared but never referenced
linking...
Program Size: Code=7032 RO-data=1240 RW-data=68 ZI-data=1412  
FromELF: creating hex file...
".\Output\hBooter.axf" - 0 Error(s), 45 Warning(s).
Build target 'BOOTLOADER'
compiling app.c...
..\INC\system.h(45): warning:  #1295-D: Deprecated declaration ipmcSetupSlot - give arg types
..\APP\app.c(13): warning:  #223-D: function "srvBoardInit" declared implicitly
..\APP\app.c(14): warning:  #223-D: function "printf" declared implicitly
..\APP\app.c(18): warning:  #223-D: function "put" declared implicitly
..\APP\app.c(19): warning:  #223-D: function "fish_echo" declared implicitly
..\APP\app.c(22): warning:  #223-D: function "srvSleep" declared implicitly
..\APP\app.c(32): warning:  #223-D: function "srvLoadApp" declared implicitly
compiling comp_uart.c...
..\INC\system.h(45): warning:  #1295-D: Deprecated declaration ipmcSetupSlot - give arg types
..\SRC\comp_uart.c(47): warning:  #68-D: integer conversion resulted in a change of sign
..\SRC\comp_uart.c(56): warning:  #68-D: integer conversion resulted in a change of sign
..\SRC\comp_uart.c(59): warning:  #514-D: pointless comparison of unsigned integer with a negative constant
..\SRC\comp_uart.c(82): warning:  #68-D: integer conversion resulted in a change of sign
..\SRC\comp_uart.c(98): warning:  #223-D: function "strlen" declared implicitly
..\SRC\comp_uart.c(110): warning:  #223-D: function "memset" declared implicitly
..\SRC\comp_uart.c(128): warning:  #513-D: a value of type "volatile char *" cannot be assigned to an entity of type "char *"
..\SRC\comp_uart.c(121): warning:  #550-D: variable "counter" was set but never used
..\SRC\comp_uart.c(27): warning:  #177-D: variable "uart_recv_cycle_last" was declared but never referenced
compiling startup.c...
..\INC\system.h(45): warning:  #1295-D: Deprecated declaration ipmcSetupSlot - give arg types
compiling comp_gpio.c...
..\INC\system.h(45): warning:  #1295-D: Deprecated declaration ipmcSetupSlot - give arg types
compiling serve_amf.c...
..\INC\system.h(45): warning:  #1295-D: Deprecated declaration ipmcSetupSlot - give arg types
..\SRC\serve_amf.c(12): warning:  #223-D: function "usartBufferInit" declared implicitly
..\SRC\serve_amf.c(55): warning:  #223-D: function "bootloader_stage1" declared implicitly
..\SRC\serve_amf.c(56): warning:  #223-D: function "fish_init" declared implicitly
..\SRC\serve_amf.c(72): warning:  #940-D: missing return statement at end of non-void function "srvBoardInit"
..\SRC\serve_amf.c(87): warning:  #223-D: function "printf" declared implicitly
..\SRC\serve_amf.c(97): warning:  #940-D: missing return statement at end of non-void function "srvLoadApp"
compiling comp_fish.c...
..\INC\system.h(45): warning:  #1295-D: Deprecated declaration ipmcSetupSlot - give arg types
..\SRC\comp_fish.c(51): warning:  #223-D: function "updFirmware" declared implicitly
..\SRC\comp_fish.c(58): warning:  #223-D: function "srvLoadApp" declared implicitly
..\SRC\comp_fish.c(80): warning:  #513-D: a value of type "volatile char *" cannot be assigned to an entity of type "char *"
..\SRC\comp_fish.c(81): warning:  #513-D: a value of type "volatile char *" cannot be assigned to an entity of type "char *"
..\SRC\comp_fish.c(84): warning:  #223-D: function "memset" declared implicitly
..\SRC\comp_fish.c(92): warning:  #513-D: a value of type "FUNC (*)(void *)" cannot be assigned to an entity of type "FUNC"
..\SRC\comp_fish.c(98): warning:  #513-D: a value of type "FUNC (*)(void *)" cannot be assigned to an entity of type "FUNC"
..\SRC\comp_fish.c(105): warning:  #513-D: a value of type "FUNC (*)(void *)" cannot be assigned to an entity of type "FUNC"
..\SRC\comp_fish.c(111): warning:  #513-D: a value of type "FUNC (*)()" cannot be assigned to an entity of type "FUNC"
..\SRC\comp_fish.c(118): warning:  #513-D: a value of type "FUNC (*)(void *)" cannot be assigned to an entity of type "FUNC"
..\SRC\comp_fish.c(141): warning:  #223-D: function "memcmp" declared implicitly
..\SRC\comp_fish.c(181): warning:  #223-D: function "putstr" declared implicitly
..\SRC\comp_fish.c(187): warning:  #223-D: function "memcmp" declared implicitly
..\SRC\comp_fish.c(187): warning:  #223-D: function "strlen" declared implicitly
..\SRC\comp_fish.c(200): warning:  #223-D: function "memset" declared implicitly
..\SRC\comp_fish.c(209): warning:  #223-D: function "putstr" declared implicitly
..\SRC\comp_fish.c(250): warning:  #513-D: a value of type "volatile char *" cannot be assigned to an entity of type "char *"
..\SRC\comp_fish.c(174): warning:  #177-D: variable "tmp" was declared but never referenced
linking...
Program Size: Code=7032 RO-data=1240 RW-data=68 ZI-data=1412  
FromELF: creating hex file...
".\Output\hBooter.axf" - 0 Error(s), 45 Warning(s).
Build target 'BOOTLOADER'
compiling serve_amf.c...
..\INC\system.h(45): warning:  #1295-D: Deprecated declaration ipmcSetupSlot - give arg types
..\SRC\serve_amf.c(12): warning:  #223-D: function "usartBufferInit" declared implicitly
..\SRC\serve_amf.c(55): warning:  #223-D: function "bootloader_stage1" declared implicitly
..\SRC\serve_amf.c(56): warning:  #223-D: function "fish_init" declared implicitly
..\SRC\serve_amf.c(72): warning:  #940-D: missing return statement at end of non-void function "srvBoardInit"
..\SRC\serve_amf.c(87): warning:  #223-D: function "printf" declared implicitly
..\SRC\serve_amf.c(97): warning:  #940-D: missing return statement at end of non-void function "srvLoadApp"
linking...
Program Size: Code=7032 RO-data=1240 RW-data=68 ZI-data=1412  
FromELF: creating hex file...
".\Output\hBooter.axf" - 0 Error(s), 7 Warning(s).
Clean started: Project: 'IPMC'
   deleting intermediate output files for target 'IPMC'
   deleting intermediate output files for target 'BOOTLOADER'
